Component: ARM Compiler 5.06 update 5 (build 528) Tool: armlink [4d35e2]

==============================================================================

Section Cross References

    Buzzer.o(i.Buzzer_OFF) refers to sc32f1xxx_tim.o(i.TIM_Cmd) for TIM_Cmd
    Buzzer.o(i.Buzzer_ON) refers to sc32f1xxx_tim.o(i.TIM_Cmd) for TIM_Cmd
    Buzzer.o(i.Sound_SetHZ) refers to sc32f1xxx_tim.o(i.TIM_TIMBaseInit) for TIM_TIMBaseInit
    Buzzer.o(i.choose_music) refers to Buzzer.o(.data) for .data
    Buzzer.o(i.choose_music) refers to Buzzer.o(.bss) for .bss
    Buzzer.o(i.music_play) refers to SysFunVarDefine.o(i.OLED_ShowString) for OLED_ShowString
    Buzzer.o(i.music_play) refers to aeabi_sdiv.o(.text) for __aeabi_idivmod
    Buzzer.o(i.music_play) refers to Buzzer.o(i.play_note) for play_note
    Buzzer.o(i.music_play) refers to Buzzer.o(.bss) for .bss
    Buzzer.o(i.music_play) refers to Buzzer.o(.data) for .data
    Buzzer.o(i.play_note) refers to Buzzer.o(i.Sound_SetHZ) for Sound_SetHZ
    Buzzer.o(i.play_note) refers to CLOCK.o(i.Delay) for Delay
    CLOCK.o(i.OLED_clock) refers to aeabi_sdiv.o(.text) for __aeabi_idivmod
    CLOCK.o(i.OLED_clock) refers to CLOCK.o(.data) for .data
    CLOCK.o(i.alarm_clock_set) refers to CLOCK.o(.data) for .data
    CLOCK.o(i.alarm_clock_start) refers to Key.o(i.Key_GetState) for Key_GetState
    CLOCK.o(i.alarm_clock_start) refers to SysFunVarDefine.o(i.OLED_Clear) for OLED_Clear
    CLOCK.o(i.alarm_clock_start) refers to SysFunVarDefine.o(i.OLED_ShowString) for OLED_ShowString
    CLOCK.o(i.alarm_clock_start) refers to Buzzer.o(i.Buzzer_ON) for Buzzer_ON
    CLOCK.o(i.alarm_clock_start) refers to Motor.o(i.motor_vibrate) for motor_vibrate
    CLOCK.o(i.alarm_clock_start) refers to Buzzer.o(i.music_play) for music_play
    CLOCK.o(i.alarm_clock_start) refers to Buzzer.o(i.Buzzer_OFF) for Buzzer_OFF
    CLOCK.o(i.alarm_clock_start) refers to aeabi_sdiv.o(.text) for __aeabi_idivmod
    CLOCK.o(i.alarm_clock_start) refers to CLOCK.o(.data) for .data
    CLOCK.o(i.alarm_clock_start) refers to menu.o(.data) for snoozestate
    CLOCK.o(i.snooze) refers to Buzzer.o(i.Buzzer_OFF) for Buzzer_OFF
    CLOCK.o(i.snooze) refers to aeabi_sdiv.o(.text) for __aeabi_idivmod
    CLOCK.o(i.snooze) refers to CLOCK.o(.data) for .data
    CompCtrlDefine.o(i.IcResourceInit) refers to SC_Init.o(i.SC_Init) for SC_Init
    IR.o(i.IR_output) refers to sc32f1xxx_gpio.o(i.GPIO_ResetBits) for GPIO_ResetBits
    IR.o(i.IR_output) refers to sc32f1xxx_gpio.o(i.GPIO_SetBits) for GPIO_SetBits
    IR.o(i.IR_output) refers to sc32f1xxx_gpio.o(i.GPIO_ReadDataBit) for GPIO_ReadDataBit
    IR.o(i.RGB_ctrl) refers to RGB.o(i.RGB_choosemode) for RGB_choosemode
    IR.o(i.RGB_ctrl) refers to RGB.o(i.RGB_off) for RGB_off
    Key.o(i.Key_GetNum) refers to Key.o(.data) for .data
    Key.o(i.Key_GetState) refers to sc32f1xxx_gpio.o(i.GPIO_ReadDataBit) for GPIO_ReadDataBit
    Key.o(i.Key_Tick) refers to Key.o(i.Key_GetState) for Key_GetState
    Key.o(i.Key_Tick) refers to Key.o(.data) for .data
    main.o(i.main) refers to CompCtrlDefine.o(i.IcResourceInit) for IcResourceInit
    main.o(i.main) refers to SysFunVarDefine.o(i.OLED_Init) for OLED_Init
    main.o(i.main) refers to Buzzer.o(i.choose_music) for choose_music
    main.o(i.main) refers to CLOCK.o(i.OLED_clock) for OLED_clock
    main.o(i.main) refers to OLED.o(i.OLED_Showtime) for OLED_Showtime
    main.o(i.main) refers to menu.o(i.menu_main) for menu_main
    main.o(i.main) refers to menu.o(i.menu_clock) for menu_clock
    main.o(i.main) refers to menu.o(i.menu_SetTime) for menu_SetTime
    main.o(i.main) refers to menu.o(i.menu_music) for menu_music
    main.o(i.main) refers to menu.o(i.menu_setting) for menu_setting
    main.o(i.main) refers to menu.o(i.menu_rgb) for menu_rgb
    main.o(i.main) refers to RGB.o(i.RGB_choosemode) for RGB_choosemode
    main.o(i.main) refers to Motor.o(i.motor_vibrate) for motor_vibrate
    main.o(i.main) refers to menu.o(.data) for menu_state0
    main.o(i.main) refers to menu.o(.data) for menu_state1
    main.o(i.main) refers to menu.o(.data) for menu_state2
    main.o(i.main) refers to RGB.o(.data) for RGB_mode
    menu.o(i.menu_SetTime) refers to SysFunVarDefine.o(i.OLED_ShowString) for OLED_ShowString
    menu.o(i.menu_SetTime) refers to SysFunVarDefine.o(i.OLED_ShowNum) for OLED_ShowNum
    menu.o(i.menu_SetTime) refers to Key.o(i.Key_GetState) for Key_GetState
    menu.o(i.menu_SetTime) refers to CLOCK.o(i.OLED_clock) for OLED_clock
    menu.o(i.menu_SetTime) refers to SysFunVarDefine.o(i.OLED_Clear) for OLED_Clear
    menu.o(i.menu_SetTime) refers to CLOCK.o(.data) for hour
    menu.o(i.menu_SetTime) refers to menu.o(.data) for .data
    menu.o(i.menu_clock) refers to SysFunVarDefine.o(i.OLED_ShowString) for OLED_ShowString
    menu.o(i.menu_clock) refers to SysFunVarDefine.o(i.OLED_ShowNum) for OLED_ShowNum
[...]
    sys_wrch.o(.text) refers (Special) to indicate_semi.o(.text) for __semihosting_library_function
    defsig.o(CL$$defsig) refers to defsig_fpe_inner.o(.text) for __rt_SIGFPE_inner
    defsig.o(CL$$defsig) refers to defsig_rtmem_inner.o(.text) for __rt_SIGRTMEM_inner
    _get_argv_nomalloc.o(.text) refers (Special) to hrguard.o(.text) for __heap_region$guard
    _get_argv_nomalloc.o(.text) refers to defsig_rtmem_outer.o(.text) for __rt_SIGRTMEM
    _get_argv_nomalloc.o(.text) refers to sys_command.o(.text) for _sys_command_string
    libshutdown.o(.ARM.Collect$$libshutdown$$00000000) refers (Special) to libshutdown2.o(.ARM.Collect$$libshutdown$$00000002) for __rt_lib_shutdown_cpp_1
    libshutdown.o(.ARM.Collect$$libshutdown$$00000000) refers (Special) to libshutdown2.o(.ARM.Collect$$libshutdown$$00000007) for __rt_lib_shutdown_fp_trap_1
    libshutdown.o(.ARM.Collect$$libshutdown$$00000000) refers (Special) to libshutdown2.o(.ARM.Collect$$libshutdown$$0000000F) for __rt_lib_shutdown_heap_1
    libshutdown.o(.ARM.Collect$$libshutdown$$00000000) refers (Special) to libshutdown2.o(.ARM.Collect$$libshutdown$$00000010) for __rt_lib_shutdown_return
    libshutdown.o(.ARM.Collect$$libshutdown$$00000000) refers (Special) to libshutdown2.o(.ARM.Collect$$libshutdown$$0000000A) for __rt_lib_shutdown_signal_1
    libshutdown.o(.ARM.Collect$$libshutdown$$00000000) refers (Special) to libshutdown2.o(.ARM.Collect$$libshutdown$$00000004) for __rt_lib_shutdown_stdio_1
    libshutdown.o(.ARM.Collect$$libshutdown$$00000000) refers (Special) to libshutdown2.o(.ARM.Collect$$libshutdown$$0000000C) for __rt_lib_shutdown_user_alloc_1
    sys_command.o(.text) refers (Special) to use_no_semi.o(.text) for __I$use$semihosting
    sys_command.o(.text) refers (Special) to indicate_semi.o(.text) for __semihosting_library_function
    defsig_abrt_inner.o(.text) refers to defsig_general.o(.text) for __default_signal_display
    defsig_rtred_inner.o(.text) refers to defsig_general.o(.text) for __default_signal_display
    defsig_rtmem_inner.o(.text) refers to defsig_general.o(.text) for __default_signal_display
    defsig_rtmem_outer.o(.text) refers to defsig_rtmem_inner.o(.text) for __rt_SIGRTMEM_inner
    defsig_rtmem_outer.o(.text) refers to defsig_exit.o(.text) for __sig_exit
    defsig_rtmem_formal.o(.text) refers to rt_raise.o(.text) for __rt_raise
    defsig_stak_inner.o(.text) refers to defsig_general.o(.text) for __default_signal_display
    defsig_pvfn_inner.o(.text) refers to defsig_general.o(.text) for __default_signal_display
    defsig_cppl_inner.o(.text) refers to defsig_general.o(.text) for __default_signal_display
    defsig_segv_inner.o(.text) refers to defsig_general.o(.text) for __default_signal_display
    defsig_other.o(.text) refers to defsig_general.o(.text) for __default_signal_display


==============================================================================

Removing Unused input sections from the image.

    Removing Buzzer.o(.rev16_text), (4 bytes).
    Removing Buzzer.o(.revsh_text), (4 bytes).
    Removing Buzzer.o(i.Buzzer_OFF), (16 bytes).
    Removing Buzzer.o(i.Buzzer_ON), (16 bytes).
    Removing CallBackFunction.o(.rev16_text), (4 bytes).
    Removing CallBackFunction.o(.revsh_text), (4 bytes).
    Removing CLOCK.o(.rev16_text), (4 bytes).
    Removing CLOCK.o(.revsh_text), (4 bytes).
    Removing CLOCK.o(i.alarm_clock_set), (12 bytes).
    Removing CLOCK.o(i.alarm_clock_start), (124 bytes).
    Removing CLOCK.o(i.snooze), (44 bytes).
    Removing CompCtrlDefine.o(.rev16_text), (4 bytes).
    Removing CompCtrlDefine.o(.revsh_text), (4 bytes).
    Removing IR.o(.rev16_text), (4 bytes).
    Removing IR.o(.revsh_text), (4 bytes).
    Removing IR.o(i.IR_output), (48 bytes).
    Removing IR.o(i.RGB_ctrl), (22 bytes).
    Removing Key.o(.rev16_text), (4 bytes).
    Removing Key.o(.revsh_text), (4 bytes).
    Removing Key.o(i.Key_GetNum), (20 bytes).
    Removing LED.o(.rev16_text), (4 bytes).
    Removing LED.o(.revsh_text), (4 bytes).
    Removing LED.o(i.LED1_OFF), (12 bytes).
    Removing LED.o(i.LED1_ON), (12 bytes).
    Removing LED.o(i.LED2_OFF), (12 bytes).
    Removing LED.o(i.LED2_ON), (12 bytes).
    Removing LED.o(i.LED3_OFF), (12 bytes).
    Removing LED.o(i.LED3_ON), (12 bytes).
    Removing LED.o(i.LED4_OFF), (12 bytes).
    Removing LED.o(i.LED4_ON), (12 bytes).
    Removing LED.o(i.LED5_OFF), (12 bytes).
    Removing LED.o(i.LED5_ON), (12 bytes).
    Removing LED.o(i.LED6_OFF), (12 bytes).
    Removing LED.o(i.LED6_ON), (12 bytes).
    Removing main.o(.rev16_text), (4 bytes).
    Removing main.o(.revsh_text), (4 bytes).
    Removing main.o(.data), (4 bytes).
    Removing main.o(.data), (4 bytes).
    Removing menu.o(.rev16_text), (4 bytes).
    Removing menu.o(.revsh_text), (4 bytes).
    Removing menu.o(.data), (4 bytes).
    Removing Motor.o(.rev16_text), (4 bytes).
    Removing Motor.o(.revsh_text), (4 bytes).
    Removing Motor.o(.data), (4 bytes).
    Removing OLED.o(.rev16_text), (4 bytes).
    Removing OLED.o(.revsh_text), (4 bytes).
    Removing RGB.o(.rev16_text), (4 bytes).
    Removing RGB.o(.revsh_text), (4 bytes).
    Removing RGB.o(i.RGB_off), (16 bytes).
    Removing sc32f1xxx_gpio.o(.rev16_text), (4 bytes).
    Removing sc32f1xxx_gpio.o(.revsh_text), (4 bytes).
    Removing sc32f1xxx_gpio.o(i.GPIO_DeInit), (32 bytes).
    Removing sc32f1xxx_gpio.o(i.GPIO_ReadData), (6 bytes).
    Removing sc32f1xxx_gpio.o(i.GPIO_ResetBits), (30 bytes).
    Removing sc32f1xxx_gpio.o(i.GPIO_SetBits), (30 bytes).
    Removing sc32f1xxx_gpio.o(i.GPIO_SetDriveLevel), (40 bytes).
    Removing sc32f1xxx_gpio.o(i.GPIO_TogglePins), (34 bytes).
    Removing sc32f1xxx_gpio.o(i.GPIO_Write), (4 bytes).
    Removing sc32f1xxx_gpio.o(i.GPIO_WriteBit), (16 bytes).
    Removing sc32f1xxx_option.o(.rev16_text), (4 bytes).
    Removing sc32f1xxx_option.o(.revsh_text), (4 bytes).
    Removing sc32f1xxx_option.o(i.OPTION_IAPPORA), (20 bytes).
    Removing sc32f1xxx_option.o(i.OPTION_IAPPORB), (20 bytes).
    Removing sc32f1xxx_option.o(i.OPTION_WDTCmd), (32 bytes).
    Removing sc32f1xxx_pwm.o(.rev16_text), (4 bytes).
    Removing sc32f1xxx_pwm.o(.revsh_text), (4 bytes).
    Removing sc32f1xxx_pwm.o(i.PWM_ClearFlag), (4 bytes).
    Removing sc32f1xxx_pwm.o(i.PWM_DeInit), (32 bytes).
    Removing sc32f1xxx_pwm.o(i.PWM_FDStructInit), (10 bytes).
    Removing sc32f1xxx_pwm.o(i.PWM_FallingDeadTimeConfig), (16 bytes).
    Removing sc32f1xxx_pwm.o(i.PWM_GetCycle), (6 bytes).
    Removing sc32f1xxx_pwm.o(i.PWM_GetDuty), (36 bytes).
    Removing sc32f1xxx_pwm.o(i.PWM_GetFlagStatus), (14 bytes).
    Removing sc32f1xxx_pwm.o(i.PWM_GetPrescaler), (8 bytes).
    Removing sc32f1xxx_pwm.o(i.PWM_RisingDeadTimeConfig), (12 bytes).
    Removing sc32f1xxx_pwm.o(i.PWM_SetCycle), (4 bytes).
    Removing sc32f1xxx_pwm.o(i.PWM_SetPrescaler), (20 bytes).
    Removing sc32f1xxx_pwm.o(i.PWM_StructInit), (16 bytes).
    Removing sc32f1xxx_rcc.o(.rev16_text), (4 bytes).
    Removing sc32f1xxx_rcc.o(.revsh_text), (4 bytes).
    Removing sc32f1xxx_rcc.o(i.RCC_AHBPeriphResetCmd), (24 bytes).
    Removing sc32f1xxx_rcc.o(i.RCC_APB0PeriphResetCmd), (24 bytes).
    Removing sc32f1xxx_rcc.o(i.RCC_APB1Cmd), (28 bytes).
    Removing sc32f1xxx_rcc.o(i.RCC_APB1Config), (24 bytes).
    Removing sc32f1xxx_rcc.o(i.RCC_APB1PeriphClockCmd), (24 bytes).
    Removing sc32f1xxx_rcc.o(i.RCC_APB1PeriphResetCmd), (24 bytes).
    Removing sc32f1xxx_rcc.o(i.RCC_APB2Cmd), (28 bytes).
    Removing sc32f1xxx_rcc.o(i.RCC_APB2Config), (24 bytes).
    Removing sc32f1xxx_rcc.o(i.RCC_APB2PeriphClockCmd), (24 bytes).
    Removing sc32f1xxx_rcc.o(i.RCC_APB2PeriphResetCmd), (24 bytes).
    Removing sc32f1xxx_rcc.o(i.RCC_BTMCLKConfig), (32 bytes).
    Removing sc32f1xxx_rcc.o(i.RCC_DeInit), (28 bytes).
    Removing sc32f1xxx_rcc.o(i.RCC_GetClocksFreq), (176 bytes).
    Removing sc32f1xxx_rcc.o(i.RCC_GetFlagStatus), (20 bytes).
    Removing sc32f1xxx_rcc.o(i.RCC_GetSYSCLKSource), (32 bytes).
    Removing sc32f1xxx_rcc.o(i.RCC_LCDLEDCLKConfig), (32 bytes).
    Removing sc32f1xxx_rcc.o(i.RCC_NMICmd), (32 bytes).
    Removing sc32f1xxx_rcc.o(i.RCC_PLLCmd), (36 bytes).
    Removing sc32f1xxx_rcc.o(i.RCC_PLLConfig), (56 bytes).
    Removing sc32f1xxx_rcc.o(i.RCC_PLLRCmd), (36 bytes).
    Removing sc32f1xxx_rcc.o(i.RCC_SystickGetFlagStatus), (20 bytes).
    Removing sc32f1xxx_rcc.o(i.RCC_WaitConfig), (36 bytes).
    Removing sc32f1xxx_tim.o(.rev16_text), (4 bytes).
    Removing sc32f1xxx_tim.o(.revsh_text), (4 bytes).
    Removing sc32f1xxx_tim.o(i.TIM_ClockOutputCmd), (20 bytes).
    Removing sc32f1xxx_tim.o(i.TIM_DeInit), (192 bytes).
    Removing sc32f1xxx_tim.o(i.TIM_GetAutoreload), (6 bytes).
    Removing sc32f1xxx_tim.o(i.TIM_GetCounter), (4 bytes).
    Removing sc32f1xxx_tim.o(i.TIM_GetFailingCapture), (4 bytes).
    Removing sc32f1xxx_tim.o(i.TIM_GetPrescaler), (10 bytes).
    Removing sc32f1xxx_tim.o(i.TIM_GetRisingCapture), (4 bytes).
    Removing sc32f1xxx_tim.o(i.TIM_ICStructInit), (8 bytes).
    Removing sc32f1xxx_tim.o(i.TIM_PWMGetDuty), (14 bytes).
    Removing sc32f1xxx_tim.o(i.TIM_PWMStructInit), (8 bytes).
    Removing sc32f1xxx_tim.o(i.TIM_SetAutoreload), (4 bytes).
    Removing sc32f1xxx_tim.o(i.TIM_SetCounter), (4 bytes).
    Removing sc32f1xxx_tim.o(i.TIM_SetPerscaler), (18 bytes).
    Removing sc32f1xxx_tim.o(i.TIM_TimeBaseStructInit), (14 bytes).
    Removing sc32f1xxx_twi.o(.rev16_text), (4 bytes).
    Removing sc32f1xxx_twi.o(.revsh_text), (4 bytes).
    Removing sc32f1xxx_twi.o(i.TWI_AcknowledgeConfig), (24 bytes).
    Removing sc32f1xxx_twi.o(i.TWI_DeInit), (60 bytes).
    Removing sc32f1xxx_twi.o(i.TWI_GeneralCallCmd), (24 bytes).
    Removing sc32f1xxx_twi.o(i.TWI_GetNbytes), (8 bytes).
    Removing sc32f1xxx_twi.o(i.TWI_GetStateMachine), (10 bytes).
    Removing sc32f1xxx_twi.o(i.TWI_ReceiveData), (6 bytes).
    Removing sc32f1xxx_twi.o(i.TWI_Send7bitAddress), (22 bytes).
    Removing sc32f1xxx_twi.o(i.TWI_SetNbytes), (6 bytes).
    Removing sc32f1xxx_twi.o(i.TWI_StretchClockConfig), (24 bytes).
    Removing sc32f1xxx_twi.o(i.TWI_StructInit), (16 bytes).
    Removing SC_Init.o(.rev16_text), (4 bytes).
    Removing SC_Init.o(.revsh_text), (4 bytes).
    Removing SC_Init.o(i.SC_ACMP_Init), (2 bytes).
    Removing SC_Init.o(i.SC_ADC_Init), (2 bytes).
    Removing SC_Init.o(i.SC_BTM_Init), (2 bytes).
    Removing SC_Init.o(i.SC_CRC_Init), (2 bytes).
    Removing SC_Init.o(i.SC_DMA0_Init), (2 bytes).
    Removing SC_Init.o(i.SC_DMA1_Init), (2 bytes).
    Removing SC_Init.o(i.SC_DMA2_Init), (2 bytes).
    Removing SC_Init.o(i.SC_DMA3_Init), (2 bytes).
    Removing SC_Init.o(i.SC_IAP_Init), (2 bytes).
    Removing SC_Init.o(i.SC_INT_Init), (2 bytes).
    Removing SC_Init.o(i.SC_LCD_Init), (2 bytes).
    Removing SC_Init.o(i.SC_LEDPWM_Init), (2 bytes).
    Removing SC_Init.o(i.SC_LED_Init), (2 bytes).
    Removing SC_Init.o(i.SC_NVIC_Init), (2 bytes).
    Removing SC_Init.o(i.SC_PWR_Init), (2 bytes).
    Removing SC_Init.o(i.SC_SPI0_Init), (2 bytes).
    Removing SC_Init.o(i.SC_SPI1_Init), (2 bytes).
    Removing SC_Init.o(i.SC_TIM0_Init), (2 bytes).
    Removing SC_Init.o(i.SC_TIM3_Init), (2 bytes).
    Removing SC_Init.o(i.SC_TIM4_Init), (2 bytes).
    Removing SC_Init.o(i.SC_TIM5_Init), (2 bytes).
    Removing SC_Init.o(i.SC_TIM6_Init), (2 bytes).
    Removing SC_Init.o(i.SC_TIM7_Init), (2 bytes).
    Removing SC_Init.o(i.SC_TWI1_Init), (2 bytes).
    Removing SC_Init.o(i.SC_UART0_Init), (2 bytes).
    Removing SC_Init.o(i.SC_UART1_Init), (2 bytes).
    Removing SC_Init.o(i.SC_UART2_Init), (2 bytes).
    Removing SC_Init.o(i.SC_UART3_Init), (2 bytes).
    Removing SC_Init.o(i.SC_WDT_Init), (2 bytes).
    Removing SC_it.o(.rev16_text), (4 bytes).
    Removing SC_it.o(.revsh_text), (4 bytes).
    Removing SysFunVarDefine.o(.rev16_text), (4 bytes).
    Removing SysFunVarDefine.o(.revsh_text), (4 bytes).
    Removing SysFunVarDefine.o(i.OLED_Set_Pos), (36 bytes).
    Removing SysFunVarDefine.o(i.OLED_ShowByte), (48 bytes).
    Removing SysFunVarDefine.o(i.delay), (12 bytes).
    Removing SysFunVarDefine.o(.data), (1 bytes).
    Removing SysFunVarDefine.o(.data), (1 bytes).
    Removing system_sc32f1xxx.o(.rev16_text), (4 bytes).
    Removing system_sc32f1xxx.o(.revsh_text), (4 bytes).

172 unused section(s) (total 2546 bytes) removed from the image.

==============================================================================

Image Symbol Table

    Local Symbols

    Symbol Name                              Value     Ov Type        Size  Object(Section)

    ../clib/../cmprslib/lz77c.c              0x00000000   Number         0  __dclz77c.o ABSOLUTE
    ../clib/angel/boardlib.s                 0x00000000   Number         0  boardshut.o ABSOLUTE
    ../clib/angel/boardlib.s                 0x00000000   Number         0  boardinit1.o ABSOLUTE
    ../clib/angel/boardlib.s                 0x00000000   Number         0  boardinit2.o ABSOLUTE
    ../clib/angel/boardlib.s                 0x00000000   Number         0  boardinit3.o ABSOLUTE
    ../clib/angel/handlers.s                 0x00000000   Number         0  __scatter_zi.o ABSOLUTE
    ../clib/angel/kernel.s                   0x00000000   Number         0  rtexit2.o ABSOLUTE
    ../clib/angel/kernel.s                   0x00000000   Number         0  rtexit.o ABSOLUTE
    ../clib/angel/kernel.s                   0x00000000   Number         0  __rtentry4.o ABSOLUTE
    ../clib/angel/kernel.s                   0x00000000   Number         0  __rtentry2.o ABSOLUTE
    ../clib/angel/kernel.s                   0x00000000   Number         0  __rtentry.o ABSOLUTE
    ../clib/angel/rt.s                       0x00000000   Number         0  rt_raise.o ABSOLUTE
    ../clib/angel/rt.s                       0x00000000   Number         0  aeabi_idiv0.o ABSOLUTE
    ../clib/angel/rt.s                       0x00000000   Number         0  aeabi_idiv0_sigfpe.o ABSOLUTE
    ../clib/angel/rt.s                       0x00000000   Number         0  rt_div0.o ABSOLUTE
    ../clib/angel/scatterp.s                 0x00000000   Number         0  __scatter.o ABSOLUTE
    ../clib/angel/startup.s                  0x00000000   Number         0  __main.o ABSOLUTE
    ../clib/angel/sys.s                      0x00000000   Number         0  sys_stackheap_outer.o ABSOLUTE
    ../clib/angel/sys.s                      0x00000000   Number         0  indicate_semi.o ABSOLUTE
    ../clib/angel/sys.s                      0x00000000   Number         0  use_no_semi.o ABSOLUTE
    ../clib/angel/sys.s                      0x00000000   Number         0  libspace.o ABSOLUTE
    ../clib/angel/sys.s                      0x00000000   Number         0  tempstk.o ABSOLUTE
    ../clib/angel/sysapp.c                   0x00000000   Number         0  sys_exit.o ABSOLUTE
    ../clib/angel/sysapp.c                   0x00000000   Number         0  sys_command.o ABSOLUTE
    ../clib/angel/sysapp.c                   0x00000000   Number         0  sys_wrch.o ABSOLUTE
    ../clib/armsys.c                         0x00000000   Number         0  argv_veneer.o ABSOLUTE
    ../clib/armsys.c                         0x00000000   Number         0  no_argv.o ABSOLUTE
    ../clib/armsys.c                         0x00000000   Number         0  _get_argv_nomalloc.o ABSOLUTE
    ../clib/division.s                       0x00000000   Number         0  aeabi_sdiv.o ABSOLUTE
    ../clib/division.s                       0x00000000   Number         0  aeabi_sdiv_div0.o ABSOLUTE
    ../clib/heapalloc.c                      0x00000000   Number         0  hrguard.o ABSOLUTE
    ../clib/heapaux.c                        0x00000000   Number         0  heapauxi.o ABSOLUTE
    ../clib/libinit.s                        0x00000000   Number         0  libshutdown2.o ABSOLUTE
    ../clib/libinit.s                        0x00000000   Number         0  libinit.o ABSOLUTE
    ../clib/libinit.s                        0x00000000   Number         0  libshutdown.o ABSOLUTE
    ../clib/libinit.s                        0x00000000   Number         0  libinit2.o ABSOLUTE
    ../clib/signal.c                         0x00000000   Number         0  defsig_rtmem_formal.o ABSOLUTE
    ../clib/signal.c                         0x00000000   Number         0  defsig_other.o ABSOLUTE
    ../clib/signal.c                         0x00000000   Number         0  defsig_segv_inner.o ABSOLUTE
    ../clib/signal.c                         0x00000000   Number         0  defsig_pvfn_inner.o ABSOLUTE
    ../clib/signal.c                         0x00000000   Number         0  defsig_stak_inner.o ABSOLUTE
    ../clib/signal.c                         0x00000000   Number         0  defsig_fpe_outer.o ABSOLUTE
    ../clib/signal.c                         0x00000000   Number         0  defsig_cppl_inner.o ABSOLUTE
    ../clib/signal.c                         0x00000000   Number         0  defsig_general.o ABSOLUTE
    ../clib/signal.c                         0x00000000   Number         0  __raise.o ABSOLUTE
    ../clib/signal.c                         0x00000000   Number         0  defsig_fpe_formal.o ABSOLUTE
    ../clib/signal.c                         0x00000000   Number         0  defsig_rtmem_outer.o ABSOLUTE
    ../clib/signal.c                         0x00000000   Number         0  defsig_rtmem_inner.o ABSOLUTE
    ../clib/signal.c                         0x00000000   Number         0  defsig_rtred_inner.o ABSOLUTE
    ../clib/signal.c                         0x00000000   Number         0  defsig_abrt_inner.o ABSOLUTE
    ../clib/signal.c                         0x00000000   Number         0  defsig_fpe_inner.o ABSOLUTE
    ../clib/signal.c                         0x00000000   Number         0  defsig_exit.o ABSOLUTE
    ../clib/signal.s                         0x00000000   Number         0  defsig.o ABSOLUTE
    ../clib/stdlib.c                         0x00000000   Number         0  exit.o ABSOLUTE
    ../fplib/cfplib/fpinit.c                 0x00000000   Number         0  fpinit.o ABSOLUTE
    ..\FWLib\SC32F1XXX_Lib\src\sc32f1xxx_gpio.c 0x00000000   Number         0  sc32f1xxx_gpio.o ABSOLUTE
    ..\FWLib\SC32F1XXX_Lib\src\sc32f1xxx_option.c 0x00000000   Number         0  sc32f1xxx_option.o ABSOLUTE
    ..\FWLib\SC32F1XXX_Lib\src\sc32f1xxx_pwm.c 0x00000000   Number         0  sc32f1xxx_pwm.o ABSOLUTE
    ..\FWLib\SC32F1XXX_Lib\src\sc32f1xxx_rcc.c 0x00000000   Number         0  sc32f1xxx_rcc.o ABSOLUTE
    ..\FWLib\SC32F1XXX_Lib\src\sc32f1xxx_tim.c 0x00000000   Number         0  sc32f1xxx_tim.o ABSOLUTE
    ..\FWLib\SC32F1XXX_Lib\src\sc32f1xxx_twi.c 0x00000000   Number         0  sc32f1xxx_twi.o ABSOLUTE
    ..\User\Buzzer.c                         0x00000000   Number         0  Buzzer.o ABSOLUTE
    ..\User\CLOCK.c                          0x00000000   Number         0  CLOCK.o ABSOLUTE
    ..\User\CallBackFunction.c               0x00000000   Number         0  CallBackFunction.o ABSOLUTE
    ..\User\CompCtrlDefine.c                 0x00000000   Number         0  CompCtrlDefine.o ABSOLUTE
    ..\User\IR.c                             0x00000000   Number         0  IR.o ABSOLUTE
    ..\User\Key.c                            0x00000000   Number         0  Key.o ABSOLUTE
    ..\User\LED.c                            0x00000000   Number         0  LED.o ABSOLUTE
    ..\User\Motor.c                          0x00000000   Number         0  Motor.o ABSOLUTE
    ..\User\OLED.c                           0x00000000   Number         0  OLED.o ABSOLUTE
    ..\User\RGB.c                            0x00000000   Number         0  RGB.o ABSOLUTE
    ..\User\SC_Init.c                        0x00000000   Number         0  SC_Init.o ABSOLUTE
    ..\User\SC_it.c                          0x00000000   Number         0  SC_it.o ABSOLUTE
    ..\User\SysFunVarDefine.c                0x00000000   Number         0  SysFunVarDefine.o ABSOLUTE
    ..\User\main.c                           0x00000000   Number         0  main.o ABSOLUTE
    ..\User\menu.c                           0x00000000   Number         0  menu.o ABSOLUTE
    ..\User\system_sc32f1xxx.c               0x00000000   Number         0  system_sc32f1xxx.o ABSOLUTE
    ..\\FWLib\\SC32F1XXX_Lib\\src\\sc32f1xxx_gpio.c 0x00000000   Number         0  sc32f1xxx_gpio.o ABSOLUTE
    ..\\FWLib\\SC32F1XXX_Lib\\src\\sc32f1xxx_option.c 0x00000000   Number         0  sc32f1xxx_option.o ABSOLUTE
    ..\\FWLib\\SC32F1XXX_Lib\\src\\sc32f1xxx_pwm.c 0x00000000   Number         0  sc32f1xxx_pwm.o ABSOLUTE
    ..\\FWLib\\SC32F1XXX_Lib\\src\\sc32f1xxx_rcc.c 0x00000000   Number         0  sc32f1xxx_rcc.o ABSOLUTE
    ..\\FWLib\\SC32F1XXX_Lib\\src\\sc32f1xxx_tim.c 0x00000000   Number         0  sc32f1xxx_tim.o ABSOLUTE
    ..\\FWLib\\SC32F1XXX_Lib\\src\\sc32f1xxx_twi.c 0x00000000   Number         0  sc32f1xxx_twi.o ABSOLUTE
    ..\\User\\Buzzer.c                       0x00000000   Number         0  Buzzer.o ABSOLUTE
    ..\\User\\CLOCK.c                        0x00000000   Number         0  CLOCK.o ABSOLUTE
    ..\\User\\CallBackFunction.c             0x00000000   Number         0  CallBackFunction.o ABSOLUTE
    ..\\User\\CompCtrlDefine.c               0x00000000   Number         0  CompCtrlDefine.o ABSOLUTE
    ..\\User\\IR.c                           0x00000000   Number         0  IR.o ABSOLUTE
    ..\\User\\Key.c                          0x00000000   Number         0  Key.o ABSOLUTE
    ..\\User\\LED.c                          0x00000000   Number         0  LED.o ABSOLUTE
    ..\\User\\Motor.c                        0x00000000   Number         0  Motor.o ABSOLUTE
    ..\\User\\OLED.c                         0x00000000   Number         0  OLED.o ABSOLUTE
    ..\\User\\RGB.c                          0x00000000   Number         0  RGB.o ABSOLUTE
    ..\\User\\SC_Init.c                      0x00000000   Number         0  SC_Init.o ABSOLUTE
    ..\\User\\SC_it.c                        0x00000000   Number         0  SC_it.o ABSOLUTE
    ..\\User\\SysFunVarDefine.c              0x00000000   Number         0  SysFunVarDefine.o ABSOLUTE
    ..\\User\\main.c                         0x00000000   Number         0  main.o ABSOLUTE
    ..\\User\\menu.c                         0x00000000   Number         0  menu.o ABSOLUTE
    ..\\User\\system_sc32f1xxx.c             0x00000000   Number         0  system_sc32f1xxx.o ABSOLUTE
    .\startup_sc32f10xx.s                    0x00000000   Number         0  startup_sc32f10xx.o ABSOLUTE
    dc.s                                     0x00000000   Number         0  dc.o ABSOLUTE
    RESET                                    0x08000000   Section      192  startup_sc32f10xx.o(RESET)
    !!!main                                  0x080000c0   Section        8  __main.o(!!!main)
    !!!scatter                               0x080000c8   Section       60  __scatter.o(!!!scatter)
    !!handler_zi                             0x08000104   Section       28  __scatter_zi.o(!!handler_zi)
    .ARM.Collect$$libinit$$00000000          0x08000120   Section        2  libinit.o(.ARM.Collect$$libinit$$00000000)
    .ARM.Collect$$libinit$$00000002          0x08000122   Section        0  libinit2.o(.ARM.Collect$$libinit$$00000002)
    .ARM.Collect$$libinit$$00000004          0x08000122   Section        0  libinit2.o(.ARM.Collect$$libinit$$00000004)
    .ARM.Collect$$libinit$$0000000A          0x08000122   Section        0  libinit2.o(.ARM.Collect$$libinit$$0000000A)
    .ARM.Collect$$libinit$$0000000C          0x08000122   Section        0  libinit2.o(.ARM.Collect$$libinit$$0000000C)
    .ARM.Collect$$libinit$$0000000E          0x08000122   Section        0  libinit2.o(.ARM.Collect$$libinit$$0000000E)
    .ARM.Collect$$libinit$$00000011          0x08000122   Section        0  libinit2.o(.ARM.Collect$$libinit$$00000011)
    .ARM.Collect$$libinit$$00000013          0x08000122   Section        0  libinit2.o(.ARM.Collect$$libinit$$00000013)
    .ARM.Collect$$libinit$$00000015          0x08000122   Section        0  libinit2.o(.ARM.Collect$$libinit$$00000015)
    .ARM.Collect$$libinit$$00000017          0x08000122   Section        0  libinit2.o(.ARM.Collect$$libinit$$00000017)
    .ARM.Collect$$libinit$$00000019          0x08000122   Section        0  libinit2.o(.ARM.Collect$$libinit$$00000019)
    .ARM.Collect$$libinit$$0000001B          0x08000122   Section        0  libinit2.o(.ARM.Collect$$libinit$$0000001B)
    .ARM.Collect$$libinit$$0000001D          0x08000122   Section        0  libinit2.o(.ARM.Collect$$libinit$$0000001D)
    .ARM.Collect$$libinit$$0000001F          0x08000122   Section        0  libinit2.o(.ARM.Collect$$libinit$$0000001F)
    .ARM.Collect$$libinit$$00000021          0x08000122   Section        0  libinit2.o(.ARM.Collect$$libinit$$00000021)
    .ARM.Collect$$libinit$$00000023          0x08000122   Section        0  libinit2.o(.ARM.Collect$$libinit$$00000023)
    .ARM.Collect$$libinit$$00000025          0x08000122   Section        0  libinit2.o(.ARM.Collect$$libinit$$00000025)
    .ARM.Collect$$libinit$$0000002C          0x08000122   Section        0  libinit2.o(.ARM.Collect$$libinit$$0000002C)
    .ARM.Collect$$libinit$$0000002E          0x08000122   Section        0  libinit2.o(.ARM.Collect$$libinit$$0000002E)
    .ARM.Collect$$libinit$$00000030          0x08000122   Section        0  libinit2.o(.ARM.Collect$$libinit$$00000030)
    .ARM.Collect$$libinit$$00000032          0x08000122   Section        0  libinit2.o(.ARM.Collect$$libinit$$00000032)
    .ARM.Collect$$libinit$$00000033          0x08000122   Section        2  libinit2.o(.ARM.Collect$$libinit$$00000033)
    .ARM.Collect$$libshutdown$$00000000      0x08000124   Section        2  libshutdown.o(.ARM.Collect$$libshutdown$$00000000)
    .ARM.Collect$$libshutdown$$00000002      0x08000126   Section        0  libshutdown2.o(.ARM.Collect$$libshutdown$$00000002)
    .ARM.Collect$$libshutdown$$00000004      0x08000126   Section        0  libshutdown2.o(.ARM.Collect$$libshutdown$$00000004)
    .ARM.Collect$$libshutdown$$00000007      0x08000126   Section        0  libshutdown2.o(.ARM.Collect$$libshutdown$$00000007)
    .ARM.Collect$$libshutdown$$0000000A      0x08000126   Section        0  libshutdown2.o(.ARM.Collect$$libshutdown$$0000000A)
    .ARM.Collect$$libshutdown$$0000000C      0x08000126   Section        0  libshutdown2.o(.ARM.Collect$$libshutdown$$0000000C)
    .ARM.Collect$$libshutdown$$0000000F      0x08000126   Section        0  libshutdown2.o(.ARM.Collect$$libshutdown$$0000000F)
    .ARM.Collect$$libshutdown$$00000010      0x08000126   Section        2  libshutdown2.o(.ARM.Collect$$libshutdown$$00000010)
    .ARM.Collect$$rtentry$$00000000          0x08000128   Section        0  __rtentry.o(.ARM.Collect$$rtentry$$00000000)
    .ARM.Collect$$rtentry$$00000002          0x08000128   Section        0  __rtentry2.o(.ARM.Collect$$rtentry$$00000002)
    .ARM.Collect$$rtentry$$00000004          0x08000128   Section        6  __rtentry4.o(.ARM.Collect$$rtentry$$00000004)
    .ARM.Collect$$rtentry$$00000009          0x0800012e   Section        0  __rtentry2.o(.ARM.Collect$$rtentry$$00000009)
    .ARM.Collect$$rtentry$$0000000A          0x0800012e   Section        4  __rtentry2.o(.ARM.Collect$$rtentry$$0000000A)
    .ARM.Collect$$rtentry$$0000000C          0x08000132   Section        0  __rtentry2.o(.ARM.Collect$$rtentry$$0000000C)
    .ARM.Collect$$rtentry$$0000000D          0x08000132   Section        8  __rtentry2.o(.ARM.Collect$$rtentry$$0000000D)
    .ARM.Collect$$rtexit$$00000000           0x0800013a   Section        2  rtexit.o(.ARM.Collect$$rtexit$$00000000)
    .ARM.Collect$$rtexit$$00000002           0x0800013c   Section        0  rtexit2.o(.ARM.Collect$$rtexit$$00000002)
    .ARM.Collect$$rtexit$$00000003           0x0800013c   Section        4  rtexit2.o(.ARM.Collect$$rtexit$$00000003)
    .ARM.Collect$$rtexit$$00000004           0x08000140   Section        6  rtexit2.o(.ARM.Collect$$rtexit$$00000004)
    .text                                    0x08000148   Section      132  startup_sc32f10xx.o(.text)
    .text                                    0x080001cc   Section      346  aeabi_sdiv.o(.text)
    .text                                    0x08000326   Section        0  heapauxi.o(.text)
    .text                                    0x0800032c   Section       62  sys_stackheap_outer.o(.text)
    .text                                    0x0800036a   Section        0  exit.o(.text)
    .text                                    0x0800037c   Section        8  libspace.o(.text)
    .text                                    0x08000384   Section        0  sys_exit.o(.text)
    .text                                    0x08000390   Section        2  use_no_semi.o(.text)
    .text                                    0x08000392   Section        0  indicate_semi.o(.text)
    .text                                    0x08000392   Section        0  __dclz77c.o(.text)
    i.ADC_IRQHandler                         0x080003f2   Section        0  SC_it.o(i.ADC_IRQHandler)
    i.CMP_IRQHandler                         0x080003f4   Section        0  SC_it.o(i.CMP_IRQHandler)
    i.Delay                                  0x080003f6   Section        0  CLOCK.o(i.Delay)
    i.GPIO_Init                              0x08000410   Section        0  sc32f1xxx_gpio.o(i.GPIO_Init)
    i.GPIO_ReadDataBit                       0x08000470   Section        0  sc32f1xxx_gpio.o(i.GPIO_ReadDataBit)
    i.INT0_IRQHandler                        0x0800047a   Section        0  SC_it.o(i.INT0_IRQHandler)
    i.IcResourceInit                         0x0800047c   Section        0  CompCtrlDefine.o(i.IcResourceInit)
    i.Key_GetState                           0x08000484   Section        0  Key.o(i.Key_GetState)
    i.Key_Tick                               0x080004c8   Section        0  Key.o(i.Key_Tick)
    i.LEDPWM_IRQHandler                      0x080004f8   Section        0  SC_it.o(i.LEDPWM_IRQHandler)
    i.OLED_Clear                             0x080004fa   Section        0  SysFunVarDefine.o(i.OLED_Clear)
    i.OLED_ColorTurn                         0x08000536   Section        0  SysFunVarDefine.o(i.OLED_ColorTurn)
    i.OLED_DisplayTurn                       0x08000550   Section        0  SysFunVarDefine.o(i.OLED_DisplayTurn)
    i.OLED_Display_Off                       0x0800057a   Section        0  SysFunVarDefine.o(i.OLED_Display_Off)
    i.OLED_Display_On                        0x08000596   Section        0  SysFunVarDefine.o(i.OLED_Display_On)
    i.OLED_Init                              0x080005b2   Section        0  SysFunVarDefine.o(i.OLED_Init)
    i.OLED_Pow                               0x080006ae   Section        0  SysFunVarDefine.o(i.OLED_Pow)
    i.OLED_SetCursor                         0x080006bc   Section        0  SysFunVarDefine.o(i.OLED_SetCursor)
    i.OLED_ShowChar                          0x080006dc   Section        0  SysFunVarDefine.o(i.OLED_ShowChar)
    i.OLED_ShowNum                           0x08000730   Section        0  SysFunVarDefine.o(i.OLED_ShowNum)
    i.OLED_ShowString                        0x0800076e   Section        0  SysFunVarDefine.o(i.OLED_ShowString)
    i.OLED_Showtime                          0x0800078c   Section        0  OLED.o(i.OLED_Showtime)
    i.OLED_WR_Byte                           0x080008bc   Section        0  SysFunVarDefine.o(i.OLED_WR_Byte)
    i.OLED_WriteCommand                      0x080008e6   Section        0  SysFunVarDefine.o(i.OLED_WriteCommand)
    i.OLED_WriteData                         0x08000906   Section        0  SysFunVarDefine.o(i.OLED_WriteData)
    i.OLED_clock                             0x08000928   Section        0  CLOCK.o(i.OLED_clock)
    i.OPTION_JTAGCmd                         0x080009f4   Section        0  sc32f1xxx_option.o(i.OPTION_JTAGCmd)
    i.OPTION_LVRConfig                       0x08000a14   Section        0  sc32f1xxx_option.o(i.OPTION_LVRConfig)
    i.PWM0_IRQHandler                        0x08000a30   Section        0  SC_it.o(i.PWM0_IRQHandler)
    i.PWM_Cmd                                0x08000a34   Section        0  sc32f1xxx_pwm.o(i.PWM_Cmd)
    i.PWM_FDCmd                              0x08000a4c   Section        0  sc32f1xxx_pwm.o(i.PWM_FDCmd)
    i.PWM_FDInit                             0x08000a64   Section        0  sc32f1xxx_pwm.o(i.PWM_FDInit)
    i.PWM_ITConfig                           0x08000a7e   Section        0  sc32f1xxx_pwm.o(i.PWM_ITConfig)
    i.PWM_Init                               0x08000a92   Section        0  sc32f1xxx_pwm.o(i.PWM_Init)
    i.PWM_SetDuty                            0x08000ab6   Section        0  sc32f1xxx_pwm.o(i.PWM_SetDuty)
    i.RCC_AHBPeriphClockCmd                  0x08000ad4   Section        0  sc32f1xxx_rcc.o(i.RCC_AHBPeriphClockCmd)
    i.RCC_APB0Cmd                            0x08000aec   Section        0  sc32f1xxx_rcc.o(i.RCC_APB0Cmd)
    i.RCC_APB0Config                         0x08000b04   Section        0  sc32f1xxx_rcc.o(i.RCC_APB0Config)
    i.RCC_APB0PeriphClockCmd                 0x08000b1c   Section        0  sc32f1xxx_rcc.o(i.RCC_APB0PeriphClockCmd)
    i.RCC_HCLKConfig                         0x08000b34   Section        0  sc32f1xxx_rcc.o(i.RCC_HCLKConfig)
    i.RCC_HIRCCmd                            0x08000b4c   Section        0  sc32f1xxx_rcc.o(i.RCC_HIRCCmd)
    i.RCC_HXTCmd                             0x08000b70   Section        0  sc32f1xxx_rcc.o(i.RCC_HXTCmd)
    i.RCC_ITConfig                           0x08000b94   Section        0  sc32f1xxx_rcc.o(i.RCC_ITConfig)
    i.RCC_LIRCCmd                            0x08000bb8   Section        0  sc32f1xxx_rcc.o(i.RCC_LIRCCmd)
    i.RCC_LXTCmd                             0x08000bdc   Section        0  sc32f1xxx_rcc.o(i.RCC_LXTCmd)
    i.RCC_SYSCLKConfig                       0x08000c00   Section        0  sc32f1xxx_rcc.o(i.RCC_SYSCLKConfig)
    i.RCC_SystickCLKConfig                   0x08000c94   Section        0  sc32f1xxx_rcc.o(i.RCC_SystickCLKConfig)
    i.RCC_SystickCmd                         0x08000cd0   Section        0  sc32f1xxx_rcc.o(i.RCC_SystickCmd)
    i.RCC_SystickSetCounter                  0x08000cec   Section        0  sc32f1xxx_rcc.o(i.RCC_SystickSetCounter)
    i.RCC_Unlock                             0x08000d08   Section        0  sc32f1xxx_rcc.o(i.RCC_Unlock)
    i.RGB_SET                                0x08000d1c   Section        0  RGB.o(i.RGB_SET)
    i.RGB_choosemode                         0x08000d48   Section        0  RGB.o(i.RGB_choosemode)
    i.RGB_mode0                              0x08000d94   Section        0  RGB.o(i.RGB_mode0)
    i.RGB_mode1                              0x08000da6   Section        0  RGB.o(i.RGB_mode1)
    i.RGB_mode2                              0x08000db6   Section        0  RGB.o(i.RGB_mode2)
    i.RGB_mode3                              0x08000dc8   Section        0  RGB.o(i.RGB_mode3)
    i.SC_GPIO_Init                           0x08000e34   Section        0  SC_Init.o(i.SC_GPIO_Init)
    i.SC_Init                                0x08000f20   Section        0  SC_Init.o(i.SC_Init)
    i.SC_OPTION_Init                         0x08000f44   Section        0  SC_Init.o(i.SC_OPTION_Init)
    i.SC_PWM0_Init                           0x08000f7c   Section        0  SC_Init.o(i.SC_PWM0_Init)
    i.SC_RCC_Init                            0x0800103c   Section        0  SC_Init.o(i.SC_RCC_Init)
    i.SC_SYSTICK_Init                        0x08001080   Section        0  SC_Init.o(i.SC_SYSTICK_Init)
    i.SC_TIM1_Init                           0x080010a8   Section        0  SC_Init.o(i.SC_TIM1_Init)
    i.SC_TIM2_Init                           0x08001164   Section        0  SC_Init.o(i.SC_TIM2_Init)
    i.SC_TWI0_Init                           0x08001220   Section        0  SC_Init.o(i.SC_TWI0_Init)
    i.Sound_SetHZ                            0x080012b8   Section        0  Buzzer.o(i.Sound_SetHZ)
    i.SysTick_IRQHandler                     0x080012d8   Section        0  SC_it.o(i.SysTick_IRQHandler)
    i.SystemInit                             0x080012dc   Section        0  system_sc32f1xxx.o(i.SystemInit)
    i.TIMER1_IRQHandler                      0x080012ec   Section        0  SC_it.o(i.TIMER1_IRQHandler)
    i.TIMER2_IRQHandler                      0x08001348   Section        0  SC_it.o(i.TIMER2_IRQHandler)
    i.TIMER3_IRQHandler                      0x08001358   Section        0  SC_it.o(i.TIMER3_IRQHandler)
    i.TIMER4_5_IRQHandler                    0x0800135a   Section        0  SC_it.o(i.TIMER4_5_IRQHandler)
    i.TIMER6_7_IRQHandler                    0x0800135c   Section        0  SC_it.o(i.TIMER6_7_IRQHandler)
    i.TIM_ClearFlag                          0x0800135e   Section        0  sc32f1xxx_tim.o(i.TIM_ClearFlag)
    i.TIM_Cmd                                0x08001364   Section        0  sc32f1xxx_tim.o(i.TIM_Cmd)
    i.TIM_DMACmd                             0x0800137c   Section        0  sc32f1xxx_tim.o(i.TIM_DMACmd)
    i.TIM_GetFlagStatus                      0x08001390   Section        0  sc32f1xxx_tim.o(i.TIM_GetFlagStatus)
    i.TIM_ICCmd                              0x080013a0   Section        0  sc32f1xxx_tim.o(i.TIM_ICCmd)
    i.TIM_ICInit                             0x080013b8   Section        0  sc32f1xxx_tim.o(i.TIM_ICInit)
    i.TIM_ITConfig                           0x080013e0   Section        0  sc32f1xxx_tim.o(i.TIM_ITConfig)
    i.TIM_PWMInit                            0x080013f4   Section        0  sc32f1xxx_tim.o(i.TIM_PWMInit)
    i.TIM_PWMSetDuty                         0x0800142c   Section        0  sc32f1xxx_tim.o(i.TIM_PWMSetDuty)
    i.TIM_PinRemapConfig                     0x0800144c   Section        0  sc32f1xxx_tim.o(i.TIM_PinRemapConfig)
    i.TIM_TIMBaseInit                        0x0800145c   Section        0  sc32f1xxx_tim.o(i.TIM_TIMBaseInit)
    i.TWI0_IRQHandler                        0x08001484   Section        0  SC_it.o(i.TWI0_IRQHandler)
    i.TWI1_IRQHandler                        0x080014ac   Section        0  SC_it.o(i.TWI1_IRQHandler)
    i.TWI_ClearFlag                          0x080014ae   Section        0  sc32f1xxx_twi.o(i.TWI_ClearFlag)
    i.TWI_Cmd                                0x080014b8   Section        0  sc32f1xxx_twi.o(i.TWI_Cmd)
    i.TWI_DMACmd                             0x080014d0   Section        0  sc32f1xxx_twi.o(i.TWI_DMACmd)
    i.TWI_GenerateSTART                      0x080014e4   Section        0  sc32f1xxx_twi.o(i.TWI_GenerateSTART)
    i.TWI_GenerateSTOP                       0x080014fc   Section        0  sc32f1xxx_twi.o(i.TWI_GenerateSTOP)
    i.TWI_GetFlagStatus                      0x08001514   Section        0  sc32f1xxx_twi.o(i.TWI_GetFlagStatus)
    i.TWI_ITConfig                           0x08001522   Section        0  sc32f1xxx_twi.o(i.TWI_ITConfig)
    i.TWI_Init                               0x08001538   Section        0  sc32f1xxx_twi.o(i.TWI_Init)
    i.TWI_PinRemapConfig                     0x08001568   Section        0  sc32f1xxx_twi.o(i.TWI_PinRemapConfig)
    i.TWI_SendByte                           0x08001578   Section        0  SysFunVarDefine.o(i.TWI_SendByte)
    i.TWI_SendData                           0x08001598   Section        0  sc32f1xxx_twi.o(i.TWI_SendData)
    i.TWI_Start                              0x0800159c   Section        0  SysFunVarDefine.o(i.TWI_Start)
    i.TWI_Stop                               0x080015c8   Section        0  SysFunVarDefine.o(i.TWI_Stop)
    i.__NVIC_EnableIRQ                       0x080015e8   Section        0  SC_Init.o(i.__NVIC_EnableIRQ)
    __NVIC_EnableIRQ                         0x080015e9   Thumb Code    18  SC_Init.o(i.__NVIC_EnableIRQ)
    i.__NVIC_SetPriority                     0x08001600   Section        0  SC_Init.o(i.__NVIC_SetPriority)
    __NVIC_SetPriority                       0x08001601   Thumb Code    60  SC_Init.o(i.__NVIC_SetPriority)
    i.choose_music                           0x08001644   Section        0  Buzzer.o(i.choose_music)
    i.main                                   0x080016d8   Section        0  main.o(i.main)
    i.menu_SetTime                           0x08001778   Section        0  menu.o(i.menu_SetTime)
    i.menu_clock                             0x0800189c   Section        0  menu.o(i.menu_clock)
    i.menu_main                              0x080019cc   Section        0  menu.o(i.menu_main)
    i.menu_music                             0x08001af0   Section        0  menu.o(i.menu_music)
    i.menu_rgb                               0x08001c30   Section        0  menu.o(i.menu_rgb)
    i.menu_setting                           0x08001d38   Section        0  menu.o(i.menu_setting)
    i.motor_vibrate                          0x08001e60   Section        0  Motor.o(i.motor_vibrate)
    i.music_play                             0x08001e74   Section        0  Buzzer.o(i.music_play)
    i.play_note                              0x08002000   Section        0  Buzzer.o(i.play_note)
    .constdata                               0x08002020   Section     1520  SysFunVarDefine.o(.constdata)
    .data                                    0x20000000   Section     1616  Buzzer.o(.data)
    .data                                    0x20000650   Section       36  CLOCK.o(.data)
    .data                                    0x20000674   Section       16  Key.o(.data)
    Count                                    0x20000678   Data           4  Key.o(.data)
    CurrState                                0x2000067c   Data           4  Key.o(.data)
    PrevState                                0x20000680   Data           4  Key.o(.data)
    .data                                    0x20000684   Section        8  menu.o(.data)
    .data                                    0x2000068c   Section        4  menu.o(.data)
    .data                                    0x20000690   Section        4  menu.o(.data)
    .data                                    0x20000694   Section        8  RGB.o(.data)
    .data                                    0x2000069c   Section        4  SC_it.o(.data)
    Count                                    0x2000069c   Data           4  SC_it.o(.data)
    .data                                    0x200006a0   Section        1  SysFunVarDefine.o(.data)
    .bss                                     0x200006a4   Section      896  Buzzer.o(.bss)
    .bss                                     0x20000a24   Section       96  libspace.o(.bss)
    HEAP                                     0x20000a88   Section      512  startup_sc32f10xx.o(HEAP)
    Heap_Mem                                 0x20000a88   Data         512  startup_sc32f10xx.o(HEAP)
    STACK                                    0x20000c88   Section     1024  startup_sc32f10xx.o(STACK)
    Stack_Mem                                0x20000c88   Data        1024  startup_sc32f10xx.o(STACK)
    __initial_sp                             0x20001088   Data           0  startup_sc32f10xx.o(STACK)

    Global Symbols

    Symbol Name                              Value     Ov Type        Size  Object(Section)

    BuildAttributes$$THM_ISAv3M$S$PE$A:L22$X:L11$S22$IEEE1$IW$USESV6$~STKCKD$USESV7$~SHL$OSPACE$ROPI$EBA8$UX$STANDARDLIB$REQ8$PRES8$EABIv2 0x00000000   Number         0  anon$$obj.o ABSOLUTE
    __ARM_use_no_argv                        0x00000000   Number         0  main.o ABSOLUTE
    __ARM_exceptions_init                     - Undefined Weak Reference
    __alloca_initialize                       - Undefined Weak Reference
    __arm_preinit_                            - Undefined Weak Reference
    __cpp_initialize__aeabi_                  - Undefined Weak Reference
    __cxa_finalize                            - Undefined Weak Reference
    __rt_locale                               - Undefined Weak Reference
    __sigvec_lookup                           - Undefined Weak Reference
    _atexit_init                              - Undefined Weak Reference
    _call_atexit_fns                          - Undefined Weak Reference
    _clock_init                               - Undefined Weak Reference
    _fp_trap_init                             - Undefined Weak Reference
    _fp_trap_shutdown                         - Undefined Weak Reference
    _get_lc_collate                           - Undefined Weak Reference
    _get_lc_ctype                             - Undefined Weak Reference
    _get_lc_monetary                          - Undefined Weak Reference
    _get_lc_numeric                           - Undefined Weak Reference
    _get_lc_time                              - Undefined Weak Reference
    _getenv_init                              - Undefined Weak Reference
    _handle_redirection                       - Undefined Weak Reference
    _init_alloc                               - Undefined Weak Reference
    _init_user_alloc                          - Undefined Weak Reference
    _initio                                   - Undefined Weak Reference
    _rand_init                                - Undefined Weak Reference
    _signal_finish                            - Undefined Weak Reference
    _signal_init                              - Undefined Weak Reference
    _terminate_alloc                          - Undefined Weak Reference
    _terminate_user_alloc                     - Undefined Weak Reference
    _terminateio                              - Undefined Weak Reference
    __Vectors_Size                           0x000000c0   Number         0  startup_sc32f10xx.o ABSOLUTE
    __Vectors                                0x08000000   Data           4  startup_sc32f10xx.o(RESET)
    __Vectors_End                            0x080000c0   Data           0  startup_sc32f10xx.o(RESET)
    __main                                   0x080000c1   Thumb Code     8  __main.o(!!!main)
    __scatterload                            0x080000c9   Thumb Code     0  __scatter.o(!!!scatter)
    __scatterload_rt2                        0x080000c9   Thumb Code    52  __scatter.o(!!!scatter)
    __scatterload_rt2_thumb_only             0x080000c9   Thumb Code     0  __scatter.o(!!!scatter)
    __scatterload_null                       0x080000d9   Thumb Code     0  __scatter.o(!!!scatter)
    __scatterload_zeroinit                   0x08000105   Thumb Code    28  __scatter_zi.o(!!handler_zi)
    __rt_lib_init                            0x08000121   Thumb Code     0  libinit.o(.ARM.Collect$$libinit$$00000000)
    __rt_lib_init_alloca_1                   0x08000123   Thumb Code     0  libinit2.o(.ARM.Collect$$libinit$$0000002E)
    __rt_lib_init_argv_1                     0x08000123   Thumb Code     0  libinit2.o(.ARM.Collect$$libinit$$0000002C)
    __rt_lib_init_atexit_1                   0x08000123   Thumb Code     0  libinit2.o(.ARM.Collect$$libinit$$0000001B)
    __rt_lib_init_clock_1                    0x08000123   Thumb Code     0  libinit2.o(.ARM.Collect$$libinit$$00000021)
    __rt_lib_init_cpp_1                      0x08000123   Thumb Code     0  libinit2.o(.ARM.Collect$$libinit$$00000032)
    __rt_lib_init_exceptions_1               0x08000123   Thumb Code     0  libinit2.o(.ARM.Collect$$libinit$$00000030)
    __rt_lib_init_fp_1                       0x08000123   Thumb Code     0  libinit2.o(.ARM.Collect$$libinit$$00000002)
    __rt_lib_init_fp_trap_1                  0x08000123   Thumb Code     0  libinit2.o(.ARM.Collect$$libinit$$0000001F)
    __rt_lib_init_getenv_1                   0x08000123   Thumb Code     0  libinit2.o(.ARM.Collect$$libinit$$00000023)
    __rt_lib_init_heap_1                     0x08000123   Thumb Code     0  libinit2.o(.ARM.Collect$$libinit$$0000000A)
    __rt_lib_init_lc_collate_1               0x08000123   Thumb Code     0  libinit2.o(.ARM.Collect$$libinit$$00000011)
    __rt_lib_init_lc_ctype_1                 0x08000123   Thumb Code     0  libinit2.o(.ARM.Collect$$libinit$$00000013)
    __rt_lib_init_lc_monetary_1              0x08000123   Thumb Code     0  libinit2.o(.ARM.Collect$$libinit$$00000015)
    __rt_lib_init_lc_numeric_1               0x08000123   Thumb Code     0  libinit2.o(.ARM.Collect$$libinit$$00000017)
    __rt_lib_init_lc_time_1                  0x08000123   Thumb Code     0  libinit2.o(.ARM.Collect$$libinit$$00000019)
    __rt_lib_init_preinit_1                  0x08000123   Thumb Code     0  libinit2.o(.ARM.Collect$$libinit$$00000004)
    __rt_lib_init_rand_1                     0x08000123   Thumb Code     0  libinit2.o(.ARM.Collect$$libinit$$0000000E)
    __rt_lib_init_return                     0x08000123   Thumb Code     0  libinit2.o(.ARM.Collect$$libinit$$00000033)
    __rt_lib_init_signal_1                   0x08000123   Thumb Code     0  libinit2.o(.ARM.Collect$$libinit$$0000001D)
    __rt_lib_init_stdio_1                    0x08000123   Thumb Code     0  libinit2.o(.ARM.Collect$$libinit$$00000025)
    __rt_lib_init_user_alloc_1               0x08000123   Thumb Code     0  libinit2.o(.ARM.Collect$$libinit$$0000000C)
    __rt_lib_shutdown                        0x08000125   Thumb Code     0  libshutdown.o(.ARM.Collect$$libshutdown$$00000000)
    __rt_lib_shutdown_cpp_1                  0x08000127   Thumb Code     0  libshutdown2.o(.ARM.Collect$$libshutdown$$00000002)
    __rt_lib_shutdown_fp_trap_1              0x08000127   Thumb Code     0  libshutdown2.o(.ARM.Collect$$libshutdown$$00000007)
    __rt_lib_shutdown_heap_1                 0x08000127   Thumb Code     0  libshutdown2.o(.ARM.Collect$$libshutdown$$0000000F)
    __rt_lib_shutdown_return                 0x08000127   Thumb Code     0  libshutdown2.o(.ARM.Collect$$libshutdown$$00000010)
    __rt_lib_shutdown_signal_1               0x08000127   Thumb Code     0  libshutdown2.o(.ARM.Collect$$libshutdown$$0000000A)
    __rt_lib_shutdown_stdio_1                0x08000127   Thumb Code     0  libshutdown2.o(.ARM.Collect$$libshutdown$$00000004)
    __rt_lib_shutdown_user_alloc_1           0x08000127   Thumb Code     0  libshutdown2.o(.ARM.Collect$$libshutdown$$0000000C)
    __rt_entry                               0x08000129   Thumb Code     0  __rtentry.o(.ARM.Collect$$rtentry$$00000000)
    __rt_entry_presh_1                       0x08000129   Thumb Code     0  __rtentry2.o(.ARM.Collect$$rtentry$$00000002)
    __rt_entry_sh                            0x08000129   Thumb Code     0  __rtentry4.o(.ARM.Collect$$rtentry$$00000004)
    __rt_entry_li                            0x0800012f   Thumb Code     0  __rtentry2.o(.ARM.Collect$$rtentry$$0000000A)
    __rt_entry_postsh_1                      0x0800012f   Thumb Code     0  __rtentry2.o(.ARM.Collect$$rtentry$$00000009)
    __rt_entry_main                          0x08000133   Thumb Code     0  __rtentry2.o(.ARM.Collect$$rtentry$$0000000D)
    __rt_entry_postli_1                      0x08000133   Thumb Code     0  __rtentry2.o(.ARM.Collect$$rtentry$$0000000C)
    __rt_exit                                0x0800013b   Thumb Code     0  rtexit.o(.ARM.Collect$$rtexit$$00000000)
    __rt_exit_ls                             0x0800013d   Thumb Code     0  rtexit2.o(.ARM.Collect$$rtexit$$00000003)
    __rt_exit_prels_1                        0x0800013d   Thumb Code     0  rtexit2.o(.ARM.Collect$$rtexit$$00000002)
    __rt_exit_exit                           0x08000141   Thumb Code     0  rtexit2.o(.ARM.Collect$$rtexit$$00000004)
    Reset_Handler                            0x08000149   Thumb Code    38  startup_sc32f10xx.o(.text)
    NMI_Handler                              0x0800016f   Thumb Code     2  startup_sc32f10xx.o(.text)
    HardFault_Handler                        0x08000171   Thumb Code     2  startup_sc32f10xx.o(.text)
    MemManage_Handler                        0x08000173   Thumb Code     2  startup_sc32f10xx.o(.text)
    BusFault_Handler                         0x08000175   Thumb Code     2  startup_sc32f10xx.o(.text)
    UsageFault_Handler                       0x08000177   Thumb Code     2  startup_sc32f10xx.o(.text)
    SVC_Handler                              0x08000179   Thumb Code     2  startup_sc32f10xx.o(.text)
    DebugMon_Handler                         0x0800017b   Thumb Code     2  startup_sc32f10xx.o(.text)
    PendSV_Handler                           0x0800017d   Thumb Code     2  startup_sc32f10xx.o(.text)
    BTM_IRQHandler                           0x08000181   Thumb Code     0  startup_sc32f10xx.o(.text)
    DMA0_IRQHandler                          0x08000181   Thumb Code     0  startup_sc32f10xx.o(.text)
    DMA1_IRQHandler                          0x08000181   Thumb Code     0  startup_sc32f10xx.o(.text)
    DMA2_IRQHandler                          0x08000181   Thumb Code     0  startup_sc32f10xx.o(.text)
    DMA3_IRQHandler                          0x08000181   Thumb Code     0  startup_sc32f10xx.o(.text)
    INT12_15_IRQHandler                      0x08000181   Thumb Code     0  startup_sc32f10xx.o(.text)
    INT1_7_IRQHandler                        0x08000181   Thumb Code     0  startup_sc32f10xx.o(.text)
    INT8_11_IRQHandler                       0x08000181   Thumb Code     0  startup_sc32f10xx.o(.text)
    RCC_IRQHandler                           0x08000181   Thumb Code     0  startup_sc32f10xx.o(.text)
    SPI0_IRQHandler                          0x08000181   Thumb Code     0  startup_sc32f10xx.o(.text)
    SPI1_IRQHandler                          0x08000181   Thumb Code     0  startup_sc32f10xx.o(.text)
    TIMER0_IRQHandler                        0x08000181   Thumb Code     0  startup_sc32f10xx.o(.text)
    TK_IRQHandler                            0x08000181   Thumb Code     0  startup_sc32f10xx.o(.text)
    UART0_2_IRQHandler                       0x08000181   Thumb Code     0  startup_sc32f10xx.o(.text)
    UART1_3_IRQHandler                       0x08000181   Thumb Code     0  startup_sc32f10xx.o(.text)
    __user_initial_stackheap                 0x08000185   Thumb Code     0  startup_sc32f10xx.o(.text)
    __aeabi_uidiv                            0x080001cd   Thumb Code     0  aeabi_sdiv.o(.text)
    __aeabi_uidivmod                         0x080001cd   Thumb Code    20  aeabi_sdiv.o(.text)
    __aeabi_idiv                             0x080001e1   Thumb Code     0  aeabi_sdiv.o(.text)
    __aeabi_idivmod                          0x080001e1   Thumb Code   326  aeabi_sdiv.o(.text)
    __use_two_region_memory                  0x08000327   Thumb Code     2  heapauxi.o(.text)
    __rt_heap_escrow$2region                 0x08000329   Thumb Code     2  heapauxi.o(.text)
    __rt_heap_expand$2region                 0x0800032b   Thumb Code     2  heapauxi.o(.text)
    __user_setup_stackheap                   0x0800032d   Thumb Code    62  sys_stackheap_outer.o(.text)
    exit                                     0x0800036b   Thumb Code    16  exit.o(.text)
    __user_libspace                          0x0800037d   Thumb Code     8  libspace.o(.text)
    __user_perproc_libspace                  0x0800037d   Thumb Code     0  libspace.o(.text)
    __user_perthread_libspace                0x0800037d   Thumb Code     0  libspace.o(.text)
    _sys_exit                                0x08000385   Thumb Code     8  sys_exit.o(.text)
    __I$use$semihosting                      0x08000391   Thumb Code     0  use_no_semi.o(.text)
    __use_no_semihosting_swi                 0x08000391   Thumb Code     2  use_no_semi.o(.text)
    __decompress                             0x08000393   Thumb Code     0  __dclz77c.o(.text)
    __decompress2                            0x08000393   Thumb Code    96  __dclz77c.o(.text)
    __semihosting_library_function           0x08000393   Thumb Code     0  indicate_semi.o(.text)
    ADC_IRQHandler                           0x080003f3   Thumb Code     2  SC_it.o(i.ADC_IRQHandler)
    CMP_IRQHandler                           0x080003f5   Thumb Code     2  SC_it.o(i.CMP_IRQHandler)
    Delay                                    0x080003f7   Thumb Code    26  CLOCK.o(i.Delay)
    GPIO_Init                                0x08000411   Thumb Code    96  sc32f1xxx_gpio.o(i.GPIO_Init)
    GPIO_ReadDataBit                         0x08000471   Thumb Code    10  sc32f1xxx_gpio.o(i.GPIO_ReadDataBit)
    INT0_IRQHandler                          0x0800047b   Thumb Code     2  SC_it.o(i.INT0_IRQHandler)
    IcResourceInit                           0x0800047d   Thumb Code     8  CompCtrlDefine.o(i.IcResourceInit)
    Key_GetState                             0x08000485   Thumb Code    58  Key.o(i.Key_GetState)
    Key_Tick                                 0x080004c9   Thumb Code    42  Key.o(i.Key_Tick)
    LEDPWM_IRQHandler                        0x080004f9   Thumb Code     2  SC_it.o(i.LEDPWM_IRQHandler)
    OLED_Clear                               0x080004fb   Thumb Code    60  SysFunVarDefine.o(i.OLED_Clear)
    OLED_ColorTurn                           0x08000537   Thumb Code    26  SysFunVarDefine.o(i.OLED_ColorTurn)
    OLED_DisplayTurn                         0x08000551   Thumb Code    42  SysFunVarDefine.o(i.OLED_DisplayTurn)
    OLED_Display_Off                         0x0800057b   Thumb Code    28  SysFunVarDefine.o(i.OLED_Display_Off)
    OLED_Display_On                          0x08000597   Thumb Code    28  SysFunVarDefine.o(i.OLED_Display_On)
    OLED_Init                                0x080005b3   Thumb Code   252  SysFunVarDefine.o(i.OLED_Init)
    OLED_Pow                                 0x080006af   Thumb Code    14  SysFunVarDefine.o(i.OLED_Pow)
    OLED_SetCursor                           0x080006bd   Thumb Code    32  SysFunVarDefine.o(i.OLED_SetCursor)
    OLED_ShowChar                            0x080006dd   Thumb Code    78  SysFunVarDefine.o(i.OLED_ShowChar)
    OLED_ShowNum                             0x08000731   Thumb Code    62  SysFunVarDefine.o(i.OLED_ShowNum)
    OLED_ShowString                          0x0800076f   Thumb Code    30  SysFunVarDefine.o(i.OLED_ShowString)
    OLED_Showtime                            0x0800078d   Thumb Code   234  OLED.o(i.OLED_Showtime)
    OLED_WR_Byte                             0x080008bd   Thumb Code    42  SysFunVarDefine.o(i.OLED_WR_Byte)
    OLED_WriteCommand                        0x080008e7   Thumb Code    32  SysFunVarDefine.o(i.OLED_WriteCommand)
    OLED_WriteData                           0x08000907   Thumb Code    32  SysFunVarDefine.o(i.OLED_WriteData)
    OLED_clock                               0x08000929   Thumb Code   198  CLOCK.o(i.OLED_clock)
    OPTION_JTAGCmd                           0x080009f5   Thumb Code    26  sc32f1xxx_option.o(i.OPTION_JTAGCmd)
    OPTION_LVRConfig                         0x08000a15   Thumb Code    22  sc32f1xxx_option.o(i.OPTION_LVRConfig)
    PWM0_IRQHandler                          0x08000a31   Thumb Code     2  SC_it.o(i.PWM0_IRQHandler)
    PWM_Cmd                                  0x08000a35   Thumb Code    20  sc32f1xxx_pwm.o(i.PWM_Cmd)
    PWM_FDCmd                                0x08000a4d   Thumb Code    20  sc32f1xxx_pwm.o(i.PWM_FDCmd)
    PWM_FDInit                               0x08000a65   Thumb Code    26  sc32f1xxx_pwm.o(i.PWM_FDInit)
    PWM_ITConfig                             0x08000a7f   Thumb Code    20  sc32f1xxx_pwm.o(i.PWM_ITConfig)
    PWM_Init                                 0x08000a93   Thumb Code    36  sc32f1xxx_pwm.o(i.PWM_Init)
    PWM_SetDuty                              0x08000ab7   Thumb Code    28  sc32f1xxx_pwm.o(i.PWM_SetDuty)
    RCC_AHBPeriphClockCmd                    0x08000ad5   Thumb Code    18  sc32f1xxx_rcc.o(i.RCC_AHBPeriphClockCmd)
    RCC_APB0Cmd                              0x08000aed   Thumb Code    20  sc32f1xxx_rcc.o(i.RCC_APB0Cmd)
    RCC_APB0Config                           0x08000b05   Thumb Code    20  sc32f1xxx_rcc.o(i.RCC_APB0Config)
    RCC_APB0PeriphClockCmd                   0x08000b1d   Thumb Code    18  sc32f1xxx_rcc.o(i.RCC_APB0PeriphClockCmd)
    RCC_HCLKConfig                           0x08000b35   Thumb Code    20  sc32f1xxx_rcc.o(i.RCC_HCLKConfig)
    RCC_HIRCCmd                              0x08000b4d   Thumb Code    30  sc32f1xxx_rcc.o(i.RCC_HIRCCmd)
    RCC_HXTCmd                               0x08000b71   Thumb Code    30  sc32f1xxx_rcc.o(i.RCC_HXTCmd)
    RCC_ITConfig                             0x08000b95   Thumb Code    30  sc32f1xxx_rcc.o(i.RCC_ITConfig)
    RCC_LIRCCmd                              0x08000bb9   Thumb Code    30  sc32f1xxx_rcc.o(i.RCC_LIRCCmd)
    RCC_LXTCmd                               0x08000bdd   Thumb Code    32  sc32f1xxx_rcc.o(i.RCC_LXTCmd)
    RCC_SYSCLKConfig                         0x08000c01   Thumb Code   138  sc32f1xxx_rcc.o(i.RCC_SYSCLKConfig)
    RCC_SystickCLKConfig                     0x08000c95   Thumb Code    50  sc32f1xxx_rcc.o(i.RCC_SystickCLKConfig)
    RCC_SystickCmd                           0x08000cd1   Thumb Code    22  sc32f1xxx_rcc.o(i.RCC_SystickCmd)
    RCC_SystickSetCounter                    0x08000ced   Thumb Code    18  sc32f1xxx_rcc.o(i.RCC_SystickSetCounter)
    RCC_Unlock                               0x08000d09   Thumb Code    16  sc32f1xxx_rcc.o(i.RCC_Unlock)
    RGB_SET                                  0x08000d1d   Thumb Code    40  RGB.o(i.RGB_SET)
    RGB_choosemode                           0x08000d49   Thumb Code    66  RGB.o(i.RGB_choosemode)
    RGB_mode0                                0x08000d95   Thumb Code    18  RGB.o(i.RGB_mode0)
    RGB_mode1                                0x08000da7   Thumb Code    16  RGB.o(i.RGB_mode1)
    RGB_mode2                                0x08000db7   Thumb Code    16  RGB.o(i.RGB_mode2)
    RGB_mode3                                0x08000dc9   Thumb Code   102  RGB.o(i.RGB_mode3)
    SC_GPIO_Init                             0x08000e35   Thumb Code   222  SC_Init.o(i.SC_GPIO_Init)
    SC_Init                                  0x08000f21   Thumb Code    36  SC_Init.o(i.SC_Init)
    SC_OPTION_Init                           0x08000f45   Thumb Code    46  SC_Init.o(i.SC_OPTION_Init)
    SC_PWM0_Init                             0x08000f7d   Thumb Code   186  SC_Init.o(i.SC_PWM0_Init)
    SC_RCC_Init                              0x0800103d   Thumb Code    64  SC_Init.o(i.SC_RCC_Init)
    SC_SYSTICK_Init                          0x08001081   Thumb Code    38  SC_Init.o(i.SC_SYSTICK_Init)
    SC_TIM1_Init                             0x080010a9   Thumb Code   182  SC_Init.o(i.SC_TIM1_Init)
    SC_TIM2_Init                             0x08001165   Thumb Code   182  SC_Init.o(i.SC_TIM2_Init)
    SC_TWI0_Init                             0x08001221   Thumb Code   144  SC_Init.o(i.SC_TWI0_Init)
    Sound_SetHZ                              0x080012b9   Thumb Code    26  Buzzer.o(i.Sound_SetHZ)
    SysTick_IRQHandler                       0x080012d9   Thumb Code     2  SC_it.o(i.SysTick_IRQHandler)
    SystemInit                               0x080012dd   Thumb Code    10  system_sc32f1xxx.o(i.SystemInit)
    TIMER1_IRQHandler                        0x080012ed   Thumb Code    74  SC_it.o(i.TIMER1_IRQHandler)
    TIMER2_IRQHandler                        0x08001349   Thumb Code    12  SC_it.o(i.TIMER2_IRQHandler)
    TIMER3_IRQHandler                        0x08001359   Thumb Code     2  SC_it.o(i.TIMER3_IRQHandler)
    TIMER4_5_IRQHandler                      0x0800135b   Thumb Code     2  SC_it.o(i.TIMER4_5_IRQHandler)
    TIMER6_7_IRQHandler                      0x0800135d   Thumb Code     2  SC_it.o(i.TIMER6_7_IRQHandler)
    TIM_ClearFlag                            0x0800135f   Thumb Code     4  sc32f1xxx_tim.o(i.TIM_ClearFlag)
    TIM_Cmd                                  0x08001365   Thumb Code    20  sc32f1xxx_tim.o(i.TIM_Cmd)
    TIM_DMACmd                               0x0800137d   Thumb Code    20  sc32f1xxx_tim.o(i.TIM_DMACmd)
    TIM_GetFlagStatus                        0x08001391   Thumb Code    14  sc32f1xxx_tim.o(i.TIM_GetFlagStatus)
    TIM_ICCmd                                0x080013a1   Thumb Code    20  sc32f1xxx_tim.o(i.TIM_ICCmd)
    TIM_ICInit                               0x080013b9   Thumb Code    34  sc32f1xxx_tim.o(i.TIM_ICInit)
    TIM_ITConfig                             0x080013e1   Thumb Code    20  sc32f1xxx_tim.o(i.TIM_ITConfig)
    TIM_PWMInit                              0x080013f5   Thumb Code    52  sc32f1xxx_tim.o(i.TIM_PWMInit)
    TIM_PWMSetDuty                           0x0800142d   Thumb Code    26  sc32f1xxx_tim.o(i.TIM_PWMSetDuty)
    TIM_PinRemapConfig                       0x0800144d   Thumb Code    14  sc32f1xxx_tim.o(i.TIM_PinRemapConfig)
    TIM_TIMBaseInit                          0x0800145d   Thumb Code    36  sc32f1xxx_tim.o(i.TIM_TIMBaseInit)
    TWI0_IRQHandler                          0x08001485   Thumb Code    32  SC_it.o(i.TWI0_IRQHandler)
    TWI1_IRQHandler                          0x080014ad   Thumb Code     2  SC_it.o(i.TWI1_IRQHandler)
    TWI_ClearFlag                            0x080014af   Thumb Code     8  sc32f1xxx_twi.o(i.TWI_ClearFlag)
    TWI_Cmd                                  0x080014b9   Thumb Code    20  sc32f1xxx_twi.o(i.TWI_Cmd)
    TWI_DMACmd                               0x080014d1   Thumb Code    20  sc32f1xxx_twi.o(i.TWI_DMACmd)
    TWI_GenerateSTART                        0x080014e5   Thumb Code    20  sc32f1xxx_twi.o(i.TWI_GenerateSTART)
    TWI_GenerateSTOP                         0x080014fd   Thumb Code    20  sc32f1xxx_twi.o(i.TWI_GenerateSTOP)
    TWI_GetFlagStatus                        0x08001515   Thumb Code    14  sc32f1xxx_twi.o(i.TWI_GetFlagStatus)
    TWI_ITConfig                             0x08001523   Thumb Code    20  sc32f1xxx_twi.o(i.TWI_ITConfig)
    TWI_Init                                 0x08001539   Thumb Code    44  sc32f1xxx_twi.o(i.TWI_Init)
    TWI_PinRemapConfig                       0x08001569   Thumb Code    14  sc32f1xxx_twi.o(i.TWI_PinRemapConfig)
    TWI_SendByte                             0x08001579   Thumb Code    24  SysFunVarDefine.o(i.TWI_SendByte)
    TWI_SendData                             0x08001599   Thumb Code     4  sc32f1xxx_twi.o(i.TWI_SendData)
    TWI_Start                                0x0800159d   Thumb Code    36  SysFunVarDefine.o(i.TWI_Start)
    TWI_Stop                                 0x080015c9   Thumb Code    24  SysFunVarDefine.o(i.TWI_Stop)
    choose_music                             0x08001645   Thumb Code   118  Buzzer.o(i.choose_music)
    main                                     0x080016d9   Thumb Code   140  main.o(i.main)
    menu_SetTime                             0x08001779   Thumb Code   254  menu.o(i.menu_SetTime)
    menu_clock                               0x0800189d   Thumb Code   234  menu.o(i.menu_clock)
    menu_main                                0x080019cd   Thumb Code   236  menu.o(i.menu_main)
    menu_music                               0x08001af1   Thumb Code   264  menu.o(i.menu_music)
    menu_rgb                                 0x08001c31   Thumb Code   214  menu.o(i.menu_rgb)
    menu_setting                             0x08001d39   Thumb Code   230  menu.o(i.menu_setting)
    motor_vibrate                            0x08001e61   Thumb Code    16  Motor.o(i.motor_vibrate)
    music_play                               0x08001e75   Thumb Code   284  Buzzer.o(i.music_play)
    play_note                                0x08002001   Thumb Code    32  Buzzer.o(i.play_note)
    HZ                                       0x08002020   Data        1520  SysFunVarDefine.o(.constdata)
    Region$$Table$$Base                      0x08002610   Number         0  anon$$obj.o(Region$$Table)
    Region$$Table$$Limit                     0x08002630   Number         0  anon$$obj.o(Region$$Table)
    note_num                                 0x20000000   Data           4  Buzzer.o(.data)
    music                                    0x20000004   Data           4  Buzzer.o(.data)
    tonghua_f                                0x20000008   Data         204  Buzzer.o(.data)
    tonghua_t                                0x200000d4   Data         204  Buzzer.o(.data)
    jucilang_f                               0x200001a0   Data         264  Buzzer.o(.data)
    jucilang_t                               0x200002a8   Data         264  Buzzer.o(.data)
    canon_f                                  0x200003b0   Data         448  Buzzer.o(.data)
    canon_t                                  0x20000570   Data         224  Buzzer.o(.data)
    year                                     0x20000650   Data           4  CLOCK.o(.data)
    month                                    0x20000654   Data           4  CLOCK.o(.data)
    day                                      0x20000658   Data           4  CLOCK.o(.data)
    hour                                     0x2000065c   Data           4  CLOCK.o(.data)
    min                                      0x20000660   Data           4  CLOCK.o(.data)
    sec                                      0x20000664   Data           4  CLOCK.o(.data)
    hour_set                                 0x20000668   Data           4  CLOCK.o(.data)
    min_set                                  0x2000066c   Data           4  CLOCK.o(.data)
    sec_set                                  0x20000670   Data           4  CLOCK.o(.data)
    Key_Num                                  0x20000674   Data           4  Key.o(.data)
    menu_state                               0x20000684   Data           4  menu.o(.data)
    menu_state0                              0x20000688   Data           4  menu.o(.data)
    menu_state1                              0x2000068c   Data           4  menu.o(.data)
    menu_state2                              0x20000690   Data           4  menu.o(.data)
    RGB_mode                                 0x20000694   Data           4  RGB.o(.data)
    RGB_Flag                                 0x20000698   Data           4  RGB.o(.data)
    TWI0Flag                                 0x200006a0   Data           1  SysFunVarDefine.o(.data)
    music_f                                  0x200006a4   Data         448  Buzzer.o(.bss)
    music_t                                  0x20000864   Data         448  Buzzer.o(.bss)
    __libspace_start                         0x20000a24   Data          96  libspace.o(.bss)
    __temporary_stack_top$libspace           0x20000a84   Data           0  libspace.o(.bss)



==============================================================================

Memory Map of the image

  Image Entry point : 0x080000c1

  Load Region LR_IROM1 (Base: 0x08000000, Size: 0x00002cd4, Max: 0x00040000, ABSOLUTE, COMPRESSED[0x00002780])

    Execution Region ER_IROM1 (Base: 0x08000000, Size: 0x00002630, Max: 0x00040000, ABSOLUTE)

    Base Addr    Size         Type   Attr      Idx    E Section Name        Object

    0x08000000   0x000000c0   Data   RO         1753    RESET               startup_sc32f10xx.o
    0x080000c0   0x00000008   Code   RO         1921  * !!!main             c_p.l(__main.o)
    0x080000c8   0x0000003c   Code   RO         2092    !!!scatter          c_p.l(__scatter.o)
    0x08000104   0x0000001c   Code   RO         2094    !!handler_zi        c_p.l(__scatter_zi.o)
    0x08000120   0x00000002   Code   RO         1959    .ARM.Collect$$libinit$$00000000  c_p.l(libinit.o)
    0x08000122   0x00000000   Code   RO         1973    .ARM.Collect$$libinit$$00000002  c_p.l(libinit2.o)
    0x08000122   0x00000000   Code   RO         1975    .ARM.Collect$$libinit$$00000004  c_p.l(libinit2.o)
    0x08000122   0x00000000   Code   RO         1978    .ARM.Collect$$libinit$$0000000A  c_p.l(libinit2.o)
    0x08000122   0x00000000   Code   RO         1980    .ARM.Collect$$libinit$$0000000C  c_p.l(libinit2.o)
    0x08000122   0x00000000   Code   RO         1982    .ARM.Collect$$libinit$$0000000E  c_p.l(libinit2.o)
    0x08000122   0x00000000   Code   RO         1985    .ARM.Collect$$libinit$$00000011  c_p.l(libinit2.o)
    0x08000122   0x00000000   Code   RO         1987    .ARM.Collect$$libinit$$00000013  c_p.l(libinit2.o)
    0x08000122   0x00000000   Code   RO         1989    .ARM.Collect$$libinit$$00000015  c_p.l(libinit2.o)
    0x08000122   0x00000000   Code   RO         1991    .ARM.Collect$$libinit$$00000017  c_p.l(libinit2.o)
    0x08000122   0x00000000   Code   RO         1993    .ARM.Collect$$libinit$$00000019  c_p.l(libinit2.o)
    0x08000122   0x00000000   Code   RO         1995    .ARM.Collect$$libinit$$0000001B  c_p.l(libinit2.o)
    0x08000122   0x00000000   Code   RO         1997    .ARM.Collect$$libinit$$0000001D  c_p.l(libinit2.o)
    0x08000122   0x00000000   Code   RO         1999    .ARM.Collect$$libinit$$0000001F  c_p.l(libinit2.o)
    0x08000122   0x00000000   Code   RO         2001    .ARM.Collect$$libinit$$00000021  c_p.l(libinit2.o)
    0x08000122   0x00000000   Code   RO         2003    .ARM.Collect$$libinit$$00000023  c_p.l(libinit2.o)
    0x08000122   0x00000000   Code   RO         2005    .ARM.Collect$$libinit$$00000025  c_p.l(libinit2.o)
    0x08000122   0x00000000   Code   RO         2009    .ARM.Collect$$libinit$$0000002C  c_p.l(libinit2.o)
    0x08000122   0x00000000   Code   RO         2011    .ARM.Collect$$libinit$$0000002E  c_p.l(libinit2.o)
    0x08000122   0x00000000   Code   RO         2013    .ARM.Collect$$libinit$$00000030  c_p.l(libinit2.o)
    0x08000122   0x00000000   Code   RO         2015    .ARM.Collect$$libinit$$00000032  c_p.l(libinit2.o)
    0x08000122   0x00000002   Code   RO         2016    .ARM.Collect$$libinit$$00000033  c_p.l(libinit2.o)
    0x08000124   0x00000002   Code   RO         2047    .ARM.Collect$$libshutdown$$00000000  c_p.l(libshutdown.o)
    0x08000126   0x00000000   Code   RO         2073    .ARM.Collect$$libshutdown$$00000002  c_p.l(libshutdown2.o)
    0x08000126   0x00000000   Code   RO         2075    .ARM.Collect$$libshutdown$$00000004  c_p.l(libshutdown2.o)
    0x08000126   0x00000000   Code   RO         2078    .ARM.Collect$$libshutdown$$00000007  c_p.l(libshutdown2.o)
    0x08000126   0x00000000   Code   RO         2081    .ARM.Collect$$libshutdown$$0000000A  c_p.l(libshutdown2.o)
    0x08000126   0x00000000   Code   RO         2083    .ARM.Collect$$libshutdown$$0000000C  c_p.l(libshutdown2.o)
    0x08000126   0x00000000   Code   RO         2086    .ARM.Collect$$libshutdown$$0000000F  c_p.l(libshutdown2.o)
    0x08000126   0x00000002   Code   RO         2087    .ARM.Collect$$libshutdown$$00000010  c_p.l(libshutdown2.o)
    0x08000128   0x00000000   Code   RO         1923    .ARM.Collect$$rtentry$$00000000  c_p.l(__rtentry.o)
    0x08000128   0x00000000   Code   RO         1929    .ARM.Collect$$rtentry$$00000002  c_p.l(__rtentry2.o)
    0x08000128   0x00000006   Code   RO         1941    .ARM.Collect$$rtentry$$00000004  c_p.l(__rtentry4.o)
    0x0800012e   0x00000000   Code   RO         1931    .ARM.Collect$$rtentry$$00000009  c_p.l(__rtentry2.o)
    0x0800012e   0x00000004   Code   RO         1932    .ARM.Collect$$rtentry$$0000000A  c_p.l(__rtentry2.o)
    0x08000132   0x00000000   Code   RO         1934    .ARM.Collect$$rtentry$$0000000C  c_p.l(__rtentry2.o)
    0x08000132   0x00000008   Code   RO         1935    .ARM.Collect$$rtentry$$0000000D  c_p.l(__rtentry2.o)
    0x0800013a   0x00000002   Code   RO         1964    .ARM.Collect$$rtexit$$00000000  c_p.l(rtexit.o)
    0x0800013c   0x00000000   Code   RO         2020    .ARM.Collect$$rtexit$$00000002  c_p.l(rtexit2.o)
    0x0800013c   0x00000004   Code   RO         2021    .ARM.Collect$$rtexit$$00000003  c_p.l(rtexit2.o)
    0x08000140   0x00000006   Code   RO         2022    .ARM.Collect$$rtexit$$00000004  c_p.l(rtexit2.o)
    0x08000146   0x00000002   PAD
    0x08000148   0x00000084   Code   RO         1754    .text               startup_sc32f10xx.o
    0x080001cc   0x0000015a   Code   RO         1915    .text               c_p.l(aeabi_sdiv.o)
    0x08000326   0x00000006   Code   RO         1919    .text               c_p.l(heapauxi.o)
    0x0800032c   0x0000003e   Code   RO         1945    .text               c_p.l(sys_stackheap_outer.o)
    0x0800036a   0x00000010   Code   RO         1948    .text               c_p.l(exit.o)
    0x0800037a   0x00000002   PAD
    0x0800037c   0x00000008   Code   RO         1960    .text               c_p.l(libspace.o)
    0x08000384   0x0000000c   Code   RO         2017    .text               c_p.l(sys_exit.o)
    0x08000390   0x00000002   Code   RO         2036    .text               c_p.l(use_no_semi.o)
    0x08000392   0x00000000   Code   RO         2038    .text               c_p.l(indicate_semi.o)
    0x08000392   0x00000060   Code   RO         2090    .text               c_p.l(__dclz77c.o)
    0x080003f2   0x00000002   Code   RO         1659    i.ADC_IRQHandler    SC_it.o
    0x080003f4   0x00000002   Code   RO         1660    i.CMP_IRQHandler    SC_it.o
    0x080003f6   0x0000001a   Code   RO          206    i.Delay             CLOCK.o
    0x08000410   0x00000060   Code   RO          628    i.GPIO_Init         sc32f1xxx_gpio.o
    0x08000470   0x0000000a   Code   RO          630    i.GPIO_ReadDataBit  sc32f1xxx_gpio.o
    0x0800047a   0x00000002   Code   RO         1661    i.INT0_IRQHandler   SC_it.o
    0x0800047c   0x00000008   Code   RO          263    i.IcResourceInit    CompCtrlDefine.o
    0x08000484   0x00000044   Code   RO          313    i.Key_GetState      Key.o
    0x080004c8   0x00000030   Code   RO          314    i.Key_Tick          Key.o
    0x080004f8   0x00000002   Code   RO         1662    i.LEDPWM_IRQHandler  SC_it.o
    0x080004fa   0x0000003c   Code   RO         1760    i.OLED_Clear        SysFunVarDefine.o
    0x08000536   0x0000001a   Code   RO         1761    i.OLED_ColorTurn    SysFunVarDefine.o
    0x08000550   0x0000002a   Code   RO         1762    i.OLED_DisplayTurn  SysFunVarDefine.o
    0x0800057a   0x0000001c   Code   RO         1763    i.OLED_Display_Off  SysFunVarDefine.o
    0x08000596   0x0000001c   Code   RO         1764    i.OLED_Display_On   SysFunVarDefine.o
    0x080005b2   0x000000fc   Code   RO         1765    i.OLED_Init         SysFunVarDefine.o
    0x080006ae   0x0000000e   Code   RO         1766    i.OLED_Pow          SysFunVarDefine.o
    0x080006bc   0x00000020   Code   RO         1767    i.OLED_SetCursor    SysFunVarDefine.o
    0x080006dc   0x00000054   Code   RO         1770    i.OLED_ShowChar     SysFunVarDefine.o
    0x08000730   0x0000003e   Code   RO         1771    i.OLED_ShowNum      SysFunVarDefine.o
    0x0800076e   0x0000001e   Code   RO         1772    i.OLED_ShowString   SysFunVarDefine.o
    0x0800078c   0x00000130   Code   RO          550    i.OLED_Showtime     OLED.o
    0x080008bc   0x0000002a   Code   RO         1773    i.OLED_WR_Byte      SysFunVarDefine.o
    0x080008e6   0x00000020   Code   RO         1774    i.OLED_WriteCommand  SysFunVarDefine.o
    0x08000906   0x00000020   Code   RO         1775    i.OLED_WriteData    SysFunVarDefine.o
    0x08000926   0x00000002   PAD
    0x08000928   0x000000cc   Code   RO          207    i.OLED_clock        CLOCK.o
    0x080009f4   0x00000020   Code   RO          703    i.OPTION_JTAGCmd    sc32f1xxx_option.o
    0x08000a14   0x0000001c   Code   RO          704    i.OPTION_LVRConfig  sc32f1xxx_option.o
    0x08000a30   0x00000002   Code   RO         1663    i.PWM0_IRQHandler   SC_it.o
    0x08000a32   0x00000002   PAD
    0x08000a34   0x00000018   Code   RO          749    i.PWM_Cmd           sc32f1xxx_pwm.o
    0x08000a4c   0x00000018   Code   RO          751    i.PWM_FDCmd         sc32f1xxx_pwm.o
    0x08000a64   0x0000001a   Code   RO          752    i.PWM_FDInit        sc32f1xxx_pwm.o
    0x08000a7e   0x00000014   Code   RO          759    i.PWM_ITConfig      sc32f1xxx_pwm.o
    0x08000a92   0x00000024   Code   RO          760    i.PWM_Init          sc32f1xxx_pwm.o
    0x08000ab6   0x0000001c   Code   RO          763    i.PWM_SetDuty       sc32f1xxx_pwm.o
    0x08000ad2   0x00000002   PAD
    0x08000ad4   0x00000018   Code   RO          870    i.RCC_AHBPeriphClockCmd  sc32f1xxx_rcc.o
    0x08000aec   0x00000018   Code   RO          872    i.RCC_APB0Cmd       sc32f1xxx_rcc.o
    0x08000b04   0x00000018   Code   RO          873    i.RCC_APB0Config    sc32f1xxx_rcc.o
    0x08000b1c   0x00000018   Code   RO          874    i.RCC_APB0PeriphClockCmd  sc32f1xxx_rcc.o
    0x08000b34   0x00000018   Code   RO          889    i.RCC_HCLKConfig    sc32f1xxx_rcc.o
    0x08000b4c   0x00000024   Code   RO          890    i.RCC_HIRCCmd       sc32f1xxx_rcc.o
    0x08000b70   0x00000024   Code   RO          891    i.RCC_HXTCmd        sc32f1xxx_rcc.o
    0x08000b94   0x00000024   Code   RO          892    i.RCC_ITConfig      sc32f1xxx_rcc.o
    0x08000bb8   0x00000024   Code   RO          894    i.RCC_LIRCCmd       sc32f1xxx_rcc.o
    0x08000bdc   0x00000024   Code   RO          895    i.RCC_LXTCmd        sc32f1xxx_rcc.o
    0x08000c00   0x00000094   Code   RO          900    i.RCC_SYSCLKConfig  sc32f1xxx_rcc.o
    0x08000c94   0x0000003c   Code   RO          901    i.RCC_SystickCLKConfig  sc32f1xxx_rcc.o
    0x08000cd0   0x0000001c   Code   RO          902    i.RCC_SystickCmd    sc32f1xxx_rcc.o
    0x08000cec   0x0000001c   Code   RO          904    i.RCC_SystickSetCounter  sc32f1xxx_rcc.o
    0x08000d08   0x00000014   Code   RO          905    i.RCC_Unlock        sc32f1xxx_rcc.o
    0x08000d1c   0x0000002c   Code   RO          571    i.RGB_SET           RGB.o
    0x08000d48   0x0000004c   Code   RO          572    i.RGB_choosemode    RGB.o
    0x08000d94   0x00000012   Code   RO          573    i.RGB_mode0         RGB.o
    0x08000da6   0x00000010   Code   RO          574    i.RGB_mode1         RGB.o
    0x08000db6   0x00000010   Code   RO          575    i.RGB_mode2         RGB.o
    0x08000dc6   0x00000002   PAD
    0x08000dc8   0x0000006c   Code   RO          576    i.RGB_mode3         RGB.o
    0x08000e34   0x000000ec   Code   RO         1412    i.SC_GPIO_Init      SC_Init.o
    0x08000f20   0x00000024   Code   RO         1415    i.SC_Init           SC_Init.o
    0x08000f44   0x00000038   Code   RO         1420    i.SC_OPTION_Init    SC_Init.o
    0x08000f7c   0x000000c0   Code   RO         1421    i.SC_PWM0_Init      SC_Init.o
    0x0800103c   0x00000044   Code   RO         1423    i.SC_RCC_Init       SC_Init.o
    0x08001080   0x00000026   Code   RO         1426    i.SC_SYSTICK_Init   SC_Init.o
    0x080010a6   0x00000002   PAD
    0x080010a8   0x000000bc   Code   RO         1428    i.SC_TIM1_Init      SC_Init.o
    0x08001164   0x000000bc   Code   RO         1429    i.SC_TIM2_Init      SC_Init.o
    0x08001220   0x00000098   Code   RO         1435    i.SC_TWI0_Init      SC_Init.o
    0x080012b8   0x00000020   Code   RO            5    i.Sound_SetHZ       Buzzer.o
    0x080012d8   0x00000002   Code   RO         1664    i.SysTick_IRQHandler  SC_it.o
    0x080012da   0x00000002   PAD
    0x080012dc   0x00000010   Code   RO         1895    i.SystemInit        system_sc32f1xxx.o
    0x080012ec   0x0000005c   Code   RO         1665    i.TIMER1_IRQHandler  SC_it.o
    0x08001348   0x00000010   Code   RO         1666    i.TIMER2_IRQHandler  SC_it.o
    0x08001358   0x00000002   Code   RO         1667    i.TIMER3_IRQHandler  SC_it.o
    0x0800135a   0x00000002   Code   RO         1668    i.TIMER4_5_IRQHandler  SC_it.o
    0x0800135c   0x00000002   Code   RO         1669    i.TIMER6_7_IRQHandler  SC_it.o
    0x0800135e   0x00000004   Code   RO         1106    i.TIM_ClearFlag     sc32f1xxx_tim.o
    0x08001362   0x00000002   PAD
    0x08001364   0x00000018   Code   RO         1108    i.TIM_Cmd           sc32f1xxx_tim.o
    0x0800137c   0x00000014   Code   RO         1109    i.TIM_DMACmd        sc32f1xxx_tim.o
    0x08001390   0x0000000e   Code   RO         1114    i.TIM_GetFlagStatus  sc32f1xxx_tim.o
    0x0800139e   0x00000002   PAD
    0x080013a0   0x00000018   Code   RO         1117    i.TIM_ICCmd         sc32f1xxx_tim.o
    0x080013b8   0x00000028   Code   RO         1118    i.TIM_ICInit        sc32f1xxx_tim.o
    0x080013e0   0x00000014   Code   RO         1120    i.TIM_ITConfig      sc32f1xxx_tim.o
    0x080013f4   0x00000038   Code   RO         1122    i.TIM_PWMInit       sc32f1xxx_tim.o
    0x0800142c   0x00000020   Code   RO         1123    i.TIM_PWMSetDuty    sc32f1xxx_tim.o
    0x0800144c   0x0000000e   Code   RO         1125    i.TIM_PinRemapConfig  sc32f1xxx_tim.o
    0x0800145a   0x00000002   PAD
    0x0800145c   0x00000028   Code   RO         1129    i.TIM_TIMBaseInit   sc32f1xxx_tim.o
    0x08001484   0x00000028   Code   RO         1670    i.TWI0_IRQHandler   SC_it.o
    0x080014ac   0x00000002   Code   RO         1671    i.TWI1_IRQHandler   SC_it.o
    0x080014ae   0x00000008   Code   RO         1271    i.TWI_ClearFlag     sc32f1xxx_twi.o
    0x080014b6   0x00000002   PAD
    0x080014b8   0x00000018   Code   RO         1272    i.TWI_Cmd           sc32f1xxx_twi.o
    0x080014d0   0x00000014   Code   RO         1273    i.TWI_DMACmd        sc32f1xxx_twi.o
    0x080014e4   0x00000018   Code   RO         1276    i.TWI_GenerateSTART  sc32f1xxx_twi.o
    0x080014fc   0x00000018   Code   RO         1277    i.TWI_GenerateSTOP  sc32f1xxx_twi.o
    0x08001514   0x0000000e   Code   RO         1278    i.TWI_GetFlagStatus  sc32f1xxx_twi.o
    0x08001522   0x00000014   Code   RO         1281    i.TWI_ITConfig      sc32f1xxx_twi.o
    0x08001536   0x00000002   PAD
    0x08001538   0x00000030   Code   RO         1282    i.TWI_Init          sc32f1xxx_twi.o
    0x08001568   0x0000000e   Code   RO         1283    i.TWI_PinRemapConfig  sc32f1xxx_twi.o
    0x08001576   0x00000002   PAD
    0x08001578   0x00000020   Code   RO         1776    i.TWI_SendByte      SysFunVarDefine.o
    0x08001598   0x00000004   Code   RO         1286    i.TWI_SendData      sc32f1xxx_twi.o
    0x0800159c   0x0000002c   Code   RO         1777    i.TWI_Start         SysFunVarDefine.o
    0x080015c8   0x00000020   Code   RO         1778    i.TWI_Stop          SysFunVarDefine.o
    0x080015e8   0x00000018   Code   RO         1442    i.__NVIC_EnableIRQ  SC_Init.o
    0x08001600   0x00000044   Code   RO         1443    i.__NVIC_SetPriority  SC_Init.o
    0x08001644   0x00000094   Code   RO            6    i.choose_music      Buzzer.o
    0x080016d8   0x000000a0   Code   RO          433    i.main              main.o
    0x08001778   0x00000124   Code   RO          470    i.menu_SetTime      menu.o
    0x0800189c   0x00000130   Code   RO          471    i.menu_clock        menu.o
    0x080019cc   0x00000124   Code   RO          472    i.menu_main         menu.o
    0x08001af0   0x00000140   Code   RO          473    i.menu_music        menu.o
    0x08001c30   0x00000108   Code   RO          474    i.menu_rgb          menu.o
    0x08001d38   0x00000128   Code   RO          475    i.menu_setting      menu.o
    0x08001e60   0x00000014   Code   RO          527    i.motor_vibrate     Motor.o
    0x08001e74   0x0000018c   Code   RO            7    i.music_play        Buzzer.o
    0x08002000   0x00000020   Code   RO            8    i.play_note         Buzzer.o
    0x08002020   0x000005f0   Data   RO         1780    .constdata          SysFunVarDefine.o
    0x08002610   0x00000020   Data   RO         2088    Region$$Table       anon$$obj.o


    Execution Region RW_IRAM1 (Base: 0x20000000, Size: 0x00001088, Max: 0x00002000, ABSOLUTE, COMPRESSED[0x00000150])

    Base Addr    Size         Type   Attr      Idx    E Section Name        Object

    0x20000000   0x00000650   Data   RW           10    .data               Buzzer.o
    0x20000650   0x00000024   Data   RW          211    .data               CLOCK.o
    0x20000674   0x00000010   Data   RW          315    .data               Key.o
    0x20000684   0x00000008   Data   RW          476    .data               menu.o
    0x2000068c   0x00000004   Data   RW          477    .data               menu.o
    0x20000690   0x00000004   Data   RW          478    .data               menu.o
    0x20000694   0x00000008   Data   RW          578    .data               RGB.o
    0x2000069c   0x00000004   Data   RW         1672    .data               SC_it.o
    0x200006a0   0x00000001   Data   RW         1781    .data               SysFunVarDefine.o
    0x200006a1   0x00000003   PAD
    0x200006a4   0x00000380   Zero   RW            9    .bss                Buzzer.o
    0x20000a24   0x00000060   Zero   RW         1961    .bss                c_p.l(libspace.o)
    0x20000a84   0x00000004   PAD
    0x20000a88   0x00000200   Zero   RW         1752    HEAP                startup_sc32f10xx.o
    0x20000c88   0x00000400   Zero   RW         1751    STACK               startup_sc32f10xx.o


==============================================================================

Image component sizes


      Code (inc. data)   RO Data    RW Data    ZI Data      Debug   Object Name

       608        148          0       1616        896      80051   Buzzer.o
       230          6          0         36          0       1588   CLOCK.o
         8          0          0          0          0        449   CompCtrlDefine.o
       116         16          0         16          0       1276   Key.o
        20          4          0          0          0        428   Motor.o
       304         70          0          0          0        556   OLED.o
       278         20          0          8          0       3472   RGB.o
      1246         68          0          0          0      16070   SC_Init.o
       168         30          0          4          0       5447   SC_it.o
       872         30       1520          1          0      10502   SysFunVarDefine.o
       160         20          0          0          0        571   main.o
      1768        336          0         16          0       4820   menu.o
       106          0          0          0          0       1759   sc32f1xxx_gpio.o
        60         12          0          0          0       1056   sc32f1xxx_option.o
       158          8          0          0          0       3863   sc32f1xxx_pwm.o
       584         92          0          0          0       8954   sc32f1xxx_rcc.o
       288         28          0          0          0       6929   sc32f1xxx_tim.o
       200         16          0          0          0       6092   sc32f1xxx_twi.o
       132         64        192          0       1536        804   startup_sc32f10xx.o
        16          6          0          0          0        421   system_sc32f1xxx.o

    ----------------------------------------------------------------------
      7346        974       1744       1700       2432     155108   Object Totals
         0          0         32          0          0          0   (incl. Generated)
        24          0          0          3          0          0   (incl. Padding)

    ----------------------------------------------------------------------

      Code (inc. data)   RO Data    RW Data    ZI Data      Debug   Library Member Name

        96          0          0          0          0          0   __dclz77c.o
         8          0          0          0          0         68   __main.o
         0          0          0          0          0          0   __rtentry.o
        12          0          0          0          0          0   __rtentry2.o
         6          0          0          0          0          0   __rtentry4.o
        60          8          0          0          0          0   __scatter.o
        28          0          0          0          0          0   __scatter_zi.o
       346          0          0          0          0         92   aeabi_sdiv.o
        16          0          0          0          0         68   exit.o
         6          0          0          0          0        136   heapauxi.o
         0          0          0          0          0          0   indicate_semi.o
         2          0          0          0          0          0   libinit.o
         2          0          0          0          0          0   libinit2.o
         2          0          0          0          0          0   libshutdown.o
         2          0          0          0          0          0   libshutdown2.o
         8          4          0          0         96         68   libspace.o
         2          0          0          0          0          0   rtexit.o
        10          0          0          0          0          0   rtexit2.o
        12          4          0          0          0         60   sys_exit.o
        62          0          0          0          0         80   sys_stackheap_outer.o
         2          0          0          0          0         68   use_no_semi.o

    ----------------------------------------------------------------------
       686         16          0          0        100        640   Library Totals
         4          0          0          0          4          0   (incl. Padding)

    ----------------------------------------------------------------------

      Code (inc. data)   RO Data    RW Data    ZI Data      Debug   Library Name

       682         16          0          0         96        640   c_p.l

    ----------------------------------------------------------------------
       686         16          0          0        100        640   Library Totals

    ----------------------------------------------------------------------

==============================================================================


      Code (inc. data)   RO Data    RW Data    ZI Data      Debug   

      8032        990       1744       1700       2532     150856   Grand Totals
      8032        990       1744        336       2532     150856   ELF Image Totals (compressed)
      8032        990       1744        336          0          0   ROM Totals

==============================================================================

    Total RO  Size (Code + RO Data)                 9776 (   9.55kB)
    Total RW  Size (RW Data + ZI Data)              4232 (   4.13kB)
    Total ROM Size (Code + RO Data + RW Data)      10112 (   9.88kB)

==============================================================================

