<html>
<body>
<pre>
<h1>礦ision Build Log</h1>
<h2>Tool Versions:</h2>
IDE-Version: μVision V5.24.2.0
Copyright (C) 2017 ARM Ltd and ARM Germany GmbH. All rights reserved.
License Information: 1 Lenovo, 1, LIC=SDA0P-M6Z33-ARYXW-QN1BI-KCDL8-Z0JF8
 
Tool Versions:
Toolchain:       MDK-ARM Plus  Version: 5.24.1
Toolchain Path:  D:\keil5download\ARM\ARMCC\Bin
C Compiler:      Armcc.exe V5.06 update 5 (build 528)
Assembler:       Armasm.exe V5.06 update 5 (build 528)
Linker/Locator:  ArmLink.exe V5.06 update 5 (build 528)
Library Manager: ArmAr.exe V5.06 update 5 (build 528)
Hex Converter:   FromElf.exe V5.06 update 5 (build 528)
CPU DLL:         SARMCM3.DLL V5.24.1
Dialog DLL:      DARMCM1.DLL V1.18.0.0
Target DLL:      SOC_MDK_Driver\SOC_MDK_Driver.dll V1.00
Dialog DLL:      TARMCM1.DLL V1.13.0.0
 
<h2>Project:</h2>
D:\contest\24赛元杯\2024届”赛元杯“赛题资料\7、OLED驱动示例\SinOneCup_OLED\SinOneCup_OLED\Keil_C\Project\SinOneCup_OLED.uvprojx
Project File Date:  12/08/2024

<h2>Output:</h2>
*** Using Compiler 'V5.06 update 5 (build 528)', folder: 'D:\keil5download\ARM\ARMCC\Bin'
Build target '<SinOneCup_OLED>'
compiling main.c...
linking...
Program Size: Code=2916 RO-data=224 RW-data=4 ZI-data=1636  
FromELF: creating hex file...
"..\Output\SinOneCup_OLED.axf" - 0 Error(s), 0 Warning(s).

<h2>Software Packages used:</h2>

Package Vendor: SinOne
                https://www.socmcu.com/SinOne.SC32F1xxx_DFP.1.0.0.pack
                SinOne.SC32F1xxx_DFP.1.0.0
                SinOneMicroelectronics ARM Series Device Support

<h2>Collection of Component include folders:</h2>
  .\RTE\__SinOneCup_OLED_
  D:\keil5download\ARM\PACK\Keil\SC32F1xxx_DFP\1.0.6\Device\SC32F10xx\FWLib\SC32_Lib\inc

<h2>Collection of Component Files used:</h2>
Build Time Elapsed:  00:00:01
</pre>
</body>
</html>
